-01K1HxqPB8.mp4
--6bJUbfpnQ.mp4
-02DygXbn6w.mp4
-2VzSMAdzl4.mp4
-0r0HEwAYiQ.mp4
--1DO2V4K74.mp4
-76d-7Ju7L0.mp4
-5Q7iNtaWCU.mp4
-79MZQX4CEA.mp4
-5c9WHk408g.mp4
-7wfTI8Qv1Q.mp4
-9l1Rh10bO8.mp4
-8awLlFLcQc.mp4
-A6e83tl4Y8.mp4
-7eQ2bHNPUw.mp4
-E9YQ_Uhu50.webm
-F7QWQA8Eh8.mp4
-FWGLSfI13Q.mp4
-DpnaHTk8PA.mp4
-DGsqL65o4k.mp4
-E2dqOULQgY.mp4
-CEi03j4-Bw.mp4
-DzTAnE1t3w.mp4
-HZtgP41I_o.mp4
-Jp86pFKlsw.mp4
-GRvxWH4axc.mp4
-Lxv663IEaI.mp4
-MB6Wxglgzw.mp4
-MFzpFMdWZs.mp4
-OH1BDqao9w.mp4
-LtQMRfj0eM.mkv
-OLPVREPy6Y.mp4
-NM-0NZXRNw.mp4
-MldnTjJ-zE.mp4
-M-Dr6HqDhU.mp4
-TddN8oBvhQ.mp4
-TubttTNt90.mp4
-UWE4jXuLoo.mp4
-SCRtjT7dto.mp4
-TWiYyvt2Ec.mp4
-TuxT19bogQ.mp4
-VKGwqL83w8.mp4
-WrOnvkUTXg.mp4
-VexUX6OJBM.mp4
-VcxQ6i6Ejk.mp4
-UwqKYkkKlU.mp4
-_gDSRlC1kg.mp4
-ZBsdK10Trs.mp4
-Z98HU6T7J8.mp4
-bqaXU4s8Qs.mp4
-faeAVsbBG0.mp4
-e9e4ke_wJk.mp4
-cJova7MiO8.mp4
-g-qMUjVA-s.mp4
-erT3ckPkAg.mp4
-doxoUNGLJE.mp4
-hEr3ydGyoM.mp4
-lEsnrNNZFU.mp4
-l16smV_uYg.mp4
-jNouTszLJ0.mp4
-l18hJp8ShE.mp4
-mX18jJkPDk.mp4
-n0F3QTuxug.mp4
-oExUcmbTEE.mp4
-oJb3Acw-_s.mp4
-nlAKyoyIuU.mp4
-npRRmY2wBs.mp4
-sd2XAFkeC0.mp4
-rCYwovSK4s.mp4
-u2zAMnrCC4.mp4
-r_bvqjYjYg.mp4
-qcPtBHelmc.mp4
-uR5-jYe0Ag.mp4
-wXbBZDSIa8.mp4
-voGnJbk3CI.mp4
-zZJmRT9udU.mp4
00KMCm2oGhk.mp4
01vNlQLepsE.mp4
03JdaRepHkA.mp4
00SfeRtiM2o.mp4
01_BrVxYsE0.mp4
00ZRoqhhb8g.mp4
079MEwdDNjg.mp4
05BGDQvQ2YM.mp4
06xJ8-Dg_j8.mp4
06r6DtoTtSQ.mp4
06Eq9tgprBw.mp4
045Tkq12H_c.mp4
0AbJgWxIYVI.mp4
0BHufmWSI6Y.mp4
0HhNhRExwSQ.mp4
0EepbsAtiDk.mp4
0EdDWY0Zuqw.mp4
0EewuppFjEw.mp4
0F8F-ON083s.mp4
0GWJ-VHFlTk.mp4
0KTued0g034.mp4
0KqeKi2CBqg.mp4
0JgcRWHCi4c.mp4
0LJ1mSpqGJg.mp4
0JHOEr3YdNM.mp4
0N8iIUS660o.mkv
0PmrImNqA2w.mp4
0PS48XWOsKA.mp4
0QNcOwi5bu8.mp4
0NgQr2-AieQ.mp4
0RIc6mwDRaQ.mp4
0V8mzi_89Fw.mp4
0VVNybUx7DE.mp4
0ZHZ1ZqmT7s.mp4
0YHCiC7IIg8.mp4
0VoNAs7Ia0A.mp4
0ZXc2fEDgg8.mp4
0_-Q1zOC3Kw.mp4
0_PdI-5l62o.mp4
0Zg-7EgFiC8.mp4
0bzSBV3jHIY.mp4
0drl-yrfBAA.mp4
0cscG-qOaQY.mp4
0czF2CCgq6I.mp4
0dkIbKXXFzI.mp4
0fsMeZoZzJI.mp4
0e-qdFlRmPU.mp4
0fvL6IHKYF0.mp4
0hdwFR5qWz4.mp4
0h4UT-2XTAw.mp4
0gwhdJGq2eg.mp4
0gw1Qq3WRbU.mp4
0iIY3HLF3lU.mp4
0gLAhptj34w.mp4
0gf3AgK1YLY.mp4
0nPeqy-DA2E.mp4
0n3VRoYYYGU.mkv
0qQvcJJekN8.mp4
0r-_a6m5k-0.mp4
0uOMJSUza68.mp4
0pegrKSh4iw.mp4
0pcrpO0Gd8M.mp4
0vQs3ztG7vg.mp4
0y4mO86t4Z0.mp4
0x4TP4MPelY.mp4
0yGGccaHMnI.mp4
0y_5NIIvUzI.mp4
0w7cO4tscBc.mp4
0yi-nkwLEnI.mp4
0zjA3KPnLK8.mp4
1-Ud-q4y1oc.mp4
12v5k4Z8lAE.mp4
1517CiM5c0A.mp4
15IRaGI4Ml0.mkv
15npAlupNU4.mp4
13Y47Uk_w1o.mp4
1926p23ooUM.mp4
19LxLS1_Yn0.mp4
173d8EtsIpE.mp4
1AiQt87brik.mp4
1B3XsffrM4M.mp4
1DmdX5QwqFI.mp4
1H2bRd91sZw.mp4
1JKgr3KfoHo.mp4
1IhbkbuDPpc.mp4
1L_4N307nBk.mp4
1MBVaveQDd8.mp4
1NAlbF88oUI.mp4
1PQiq8zajCE.mp4
1RVu0qNtWCc.mp4
1RQ27XZKU1E.mp4
1Se1ZqCSQvk.mp4
1RKExOpIGas.mp4
1VSqWp5DZiU.mp4
1U0VxGw1cdA.mp4
1UgjxeAPq_A.mp4
1VwNfMlb4JU.mp4
1UIathRb404.mp4
1Vu0bzAKL8Q.mp4
1T66cuSjizE.mkv
1VBg21aaiKM.mp4
1U8y7e22SQg.mp4
1XtjXqqPvyQ.mp4
1X4hgrBjw-U.mp4
1cU8sp05Bu0.mp4
1cWWCiNIYnc.mp4
1dvrNvxw43Q.mp4
1cLxW-FhgpA.mp4
1buoiCgXG1Q.mp4
1a8PCm9e1YU.mp4
1cCRZztswFA.mp4
1gp-5iOIfVo.mp4
1ftLLKrC81s.mp4
1epGZvRN3Fw.mp4
1ebIpLiTCvw.mp4
1hB5jVAhSDE.mp4
1hiyhNqakMI.mp4
1fbU_MkV7NE.mp4
1jX8p54Dfjs.mp4
1lagsBNqNe4.mp4
1mYtNMDFyXQ.mp4
1jWMd8QaN5s.mp4
1jjsTfZS5DY.mp4
1jl5qtS4mNQ.mp4
1ioKX0iuico.mp4
1oM26-0yFcM.mp4
1nltPeGC5ZQ.mp4
1qKXZ9fThTg.mp4
1rdecGieY-M.mp4
1qU2CdUQbw0.mp4
1rf7t4sYtIA.mp4
1scjpxusQx0.mp4
1uiEkwykOxo.mp4
1sTTv-XC-RA.mp4
1wjnveHAhGE.mp4
2-S2fehRKVc.mp4
1y2aqd5HQlU.mp4
1zEcIngghq4.mp4
2-SPZIF5lPY.mp4
2-1MNxfX5Bc.mkv
21Pz1cjdd2I.mp4
25Wxe9TQzY8.mp4
231pbDe3uQc.mp4
24vWSTx6N5M.mp4
224E-VtB4k4.mp4
21biKVGaY1Y.mp4
2AQg1DDVYHI.mp4
291szrilAVE.mp4
2AE847UXu3Q.mp4
29UfCoftDkA.mp4
2DwBXRhtX4s.mp4
2D22fVcAcyo.mp4
2FIQwmB362w.mp4
2GACaR0GdD8.mp4
2GCNxOKMtBo.mp4
2GEZgHcA7zU.mp4
2ISOAmuzs24.mp4
2HmhRdKRVb4.mp4
2Jr1K1wBKfQ.mp4
2Mh-OomUNpQ.mp4
2Iakg-Z-iXM.mp4
2Ks8gsK22PA.mp4
2MRR5NxbO9k.mp4
2NMTArm9IkA.mp4
2PFU_Ee0x14.mp4
2SKZB0bfqF8.mp4
2Sev8z4P7pE.mp4
2QydTDAYJsA.mp4
2TEJnQzCPUM.mp4
2SYTRqm4Ym4.mp4
2UbwK1Qtveg.mp4
2Tuht3F2uc8.mp4
2Voht8wf3dQ.mp4
2VTEseqA5SA.mp4
2UfljrwzsLs.mp4
2VoWT4gnQDg.mp4
2XOTxAZZhsQ.mp4
2_KTq85YQcY.mp4
2_hcULoN4Ls.mp4
2WyRPSKFUi8.mp4
2aHetC-N-P4.mp4
2aw1pVJsnKs.mp4
2dA1fAU3o6o.mp4
2belnHaa36g.mp4
2ahuZDlObAQ.mp4
2g9GrshWQrU.mp4
2fndjkCHsEY.mp4
2iW1Eq9SDW4.mp4
2fMpsSrmeIA.mp4
2ji02dSx1nM.mp4
2imjxY43yYM.mp4
2icoQWmbocU.mp4
2mXGnG6ZBDA.mp4
2nPrH4Tv0yc.mp4
2lUqeOw61QY.mp4
2mAKLFVhV9Y.mp4
2oc0OBWkYfg.mp4
2rHsoF35eQw.mp4
2oizmWFx4PA.mp4
2ooY3GqZieg.mp4
2q_4I3ae0J4.mp4
2rgamh4uty8.mp4
2tO1ApNwXpQ.mp4
2r7qhNGm44I.mp4
2sbF8W0_bbg.mp4
2oNsMva04MM.mp4
2tf414bkudE.mp4
2vAaAy_WC7Y.mp4
2tlLq9qvG-c.mp4
2uBPhFis_4Y.mp4
2wcD0wSzB5w.mp4
2zohqWPmeQU.mp4
2zVpWu1i5qM.mp4
3-_Eld2NwJ0.mp4
30Yk_1Yc7Vk.mp4
3-KLYPzd1zU.mp4
34KalqGygZ0.mp4
33eH3ozXLmU.mp4
32z1yiC0Co0.mp4
35WvCw9Qcqk.mp4
35SpLMcN-m8.mp4
32H1n87WgCM.mp4
39HCogCoD7Y.mp4
38ZxXyECPPU.mp4
37pnsj0hlZ4.mp4
37gHYr2uDZo.mp4
39dTxOhrW68.mp4
3AsQjx1lxLU.mp4
3CeZS6-0NfU.mp4
3G1T_V102GA.mp4
3FAvxuTw4NI.mp4
3FZ47muWIYA.mp4
3G9zc_SEOHM.mp4
3JHIcli-Wlg.mp4
3Hbm8FdirRc.mp4
3HYQV_zu2RA.mp4
3JrxcNxNMU4.mp4
3ImTO0bzXPA.mp4
3I4EzlMo124.mp4
3JcvtncHhLw.mp4
3KsOJiA_uak.mp4
3KmMvfdidvQ.mp4
3K_8CdJS9lE.mp4
3L0MnbQkLWM.mp4
3MS3CAyl_YA.mp4
3La7NPOBVN8.mp4
3O2acf8oRVA.mp4
3OcAjx8e4LU.mp4
3OXh6OV2Zrc.mp4
3MJQEQ98168.mp4
3RTmWrwgKek.mp4
3SLaaTD8t3Q.mp4
3SjuIcAfeWk.mp4
3TLhUYQ8geM.mp4
3TsNntqwbSQ.mp4
3VAq3wYxnMs.mp4
3UrypnvwAOY.mp4
3TNDCTlLlGk.mkv
3TxZTZEEg44.mp4
3X6eP273RoI.mp4
3Y_4Azzta6Q.mp4
3bi2XM3scQA.mp4
3abD7z6vRPM.mp4
3dAJEnMn6QA.mp4
3gPjMvTmE2g.mp4
3j2d27w3x5Q.mp4
3f6G-qzwzfg.mp4
3fyR5F18WKg.mp4
3iLo6lxAarc.mp4
3iHHhCHcT8I.mp4
3hZjxdMcG6o.mp4
3lkZPJES45Q.mp4
3joaQzU05MY.mp4
3jZq0UaDIks.webm
3ohvA6Raf4w.mp4
3nrianTc060.mp4
3qkNnr1_78I.mp4
3nX5ZwzHftM.mp4
3pjVV7A6Apw.mp4
3q_MOQNfSmA.mp4
3nzXMKByUnk.mp4
3ve9a8YKP90.mp4
41LaEr0i2Dc.mp4
45P3UDcb4Gc.mp4
44FeihJUKvM.mp4
41__Qick6tM.mp4
45AIj4-_RBw.mp4
42XFIWVIWpw.mp4
43R60vMRook.mp4
470dhR3Yrjs.mp4
45llr44Pu9g.mp4
47OMV7rZrQA.mp4
45gAK3x_0ds.mp4
46YBNutTwKg.mp4
45WdXofnTkI.mp4
4At1Vd-0lWE.mp4
48zOi9j1E0A.mp4
4DMnMu2Cb_c.mp4
4CsTbXdERSU.mp4
49drGj3JUg4.mp4
4ACqWG_p1bI.mp4
4CSyAAoO18s.mp4
4HxmQpkryjA.mp4
4EloxAiCydc.mp4
4GrPMa_BE6M.mp4
4Ex-sB0vtwk.mp4
4IC1_C_dtvk.mp4
4JnXF13ktSs.mp4
4KE6dUAGZ94.mp4
4ImpZRtbzYw.mp4
4KMbeat6yoE.mp4
4MBGT228QiQ.mkv
4Lu8ECLHvK4.mp4
4OIkfJ_IkpA.mp4
4OeZViscNp4.mp4
4OfhHE72V8c.mp4
4Oug7S32B-4.mp4
4Q5YJKHa5W0.mp4
4OCbTYrThtc.mkv
4Sf9C_vtYIs.mp4
4R0fSNCWUo0.mp4
4R37E4Kevs4.mp4
4SLvbRa2NI0.mp4
4T8uFygBeNo.mp4
4SSbyJ6pMuE.mp4
4QvpJ71d8Nk.mkv
4SecbKo1iGE.mp4
4WUFEnFE5sY.mp4
4W4mrswC2tA.mp4
4VAhZEpQsv8.mp4
4XTJzFjjFp0.mp4
4WikrzXQ3Bo.mp4
4YJ_L7jqgoA.mp4
4aBJ_L0u7Lo.mp4
4ZoBfU4b5Ko.mp4
4_wfCFTnExI.mp4
4cd0sNdLmT4.mp4
4fQUWOuFjwQ.mp4
4bUxtqX_oxM.mp4
4cqesj6HwTU.mp4
4fEMDQnD4Xg.mp4
4eHP5IvDl6o.mp4
4j7sZBThR7s.mp4
4lxS8OJRsa8.mp4
4mBVik8dq_w.mp4
4qZckue0QU4.mp4
4o8MaHTb7E4.mp4
4mSPGxeKK2k.mp4
4mlA78hn4mY.mp4
4qnrM4k6qN0.mp4
4oZtb0kglx4.mp4
4sm-tTbfamM.mp4
4vOxhqUbHL8.mp4
4usf67inE3w.mp4
4r6fQ5RvuGE.mp4
4yZ1agUX004.mp4
4x3dgSgXQ38.mp4
4x0LdQRN248.mp4
4zLTW7lT3fs.mp4
4zYY4abpCgI.mp4
5-vAXCUN8X0.mp4
51wFW1g42VQ.mp4
50nJ8UkOGwg.mp4
50b9lVikSeo.mp4
52PO939EtGw.mp4
55IErOrgQOA.mp4
57buK1yvKPk.mp4
5BCWB7Pf2Tk.mp4
59R_1aBnFn4.mp4
59NxymNdzBE.mp4
5BbHu0WQZqw.mp4
5C0G3BQ-Nds.mp4
5GFpN0YZEog.mp4
5GZNSTv1rVs.mp4
5E2OdhrgG8s.mp4
5Foo5NSjEXQ.mp4
5GiIqXY__74.mp4
5I0K3y27EUM.mp4
5JVHUcOW0GE.mp4
5JlwYD_GChY.mp4
5KYUiMysyb0.mp4
5JG8Dc2wsdc.mp4
5JCqKshcfHE.mp4
5Lv0g7ISQVU.mp4
5MLEO5JWRYI.mp4
5OWJ7WqKWMU.mp4
5SNtTQZnN4g.mp4
5QbiJmDyoM0.mp4
5QS_VBDwKzw.mp4
5Q_FrGFVGNY.mkv
5PgDTLR7wFQ.mp4
5T_P4x0q0VM.mp4
5SpWmZxECqc.mkv
5UlxCwq-LOs.mp4
5SpWmZxECqc.mp4
5TjIJOFGupI.mp4
5TMKHLOACYg.mp4
5WHnYEinw4A.mp4
5VwGzOLPFAQ.mp4
5WWvCSCGXmc.mp4
5Y1AJsAE9UE.mp4
5X7zeOps9uA.mp4
5WqnKjOz1z4.mkv
5Wp2dxIAocI.mp4
5_M10vevgJg.mp4
5Yq5GMPBguI.mp4
5co1E0umtJQ.mp4
5asz3rt3QyQ.mp4
5c8HvpeRWrc.mp4
5ayMRPi7Lg4.mp4
5dXi-tAGqbs.mp4
5g7bqiT7Y3c.mp4
5fW_2c_kKfc.mp4
5j5_YV25cFA.mp4
5nOc03oiFvk.mp4
5koLOwu786I.mp4
5n8wY8hwy3Y.mp4
5kmGgH4xFW0.mp4
5oy5Yi6fzJU.mp4
5ptxyeHlcwM.mp4
5pl_qttD8Fc.mp4
5qsXmDi8d74.mp4
5oD3-y66g_8.mp4
5oPGbuL8G5Y.mp4
5rVXCKLihyg.mp4
5ry-UTd0y_o.mp4
5rw6n16ILgY.mp4
5vDPgcyRtOU.mp4
5vd8j0hKIgs.mp4
5ssP_EapV9Q.mp4
5wQLpjdsRUg.mp4
5vv5e_E93gM.mp4
5ya20wcGE-8.mp4
5y9Lw8--ulU.mp4
5wBo0Gd81-I.mp4
60Fyun_Szw4.mp4
5zYETEiYiCQ.mp4
6-cHUULLVGQ.mp4
5yrLDF_ZmN0.mp4
6-beYw2R10s.mp4
5zT1GWfmVLU.mp4
60Y0DfZhlHM.mp4
63d_t0U1pXw.mp4
62s1ZSNLJ6g.mkv
633ZdPm_GjM.mp4
63HZk1SInLk.mp4
64UBH371Jj8.mp4
62Dwj4l7_qs.mp4
656VWQU5dgE.mp4
61wzTjdnXe4.mp4
685wnEW1Uq4.mp4
69DNcmkoapw.mp4
66nA52ux2Sk.mp4
69X7tP6p7E0.mp4
6EWzgWd72Cs.mp4
6ChRD-1NwSg.mp4
6F9C3dIU4kU.mp4
6DYQHmsezUw.mp4
6DzBNkTen1g.mp4
6DXH6kwMe-Q.mp4
6Kp_fvkZWTE.mp4
6HmKyms-U2s.mp4
6J45AbWiGIE.mp4
6J0IdWi4O0Q.mp4
6Ke30NtYOC0.mp4
6O5UcjQMwoQ.mp4
6Ni6csyQbzw.mp4
6NqS3vYvf6Q.mp4
6LLDsbc8XMM.mp4
6LWkrN1qz8E.mp4
6SOluodeJ7s.mp4
6UPfqdssD6g.mkv
6QbIJ2pnXXo.mp4
6U081DbNJIY.mp4
6QrVxwNUbBk.mp4
6RePzOd3GvQ.mp4
6PnPu_cLCvE.mp4
6TUA9ipKk9I.mp4
6VUsbs84lCc.mp4
6UqWORrn3KI.mp4
6Y8wppTQFPo.mp4
6VT2jBflMAM.mp4
6YIZ00dNpMU.mp4
6VygM9-XgAk.mp4
6WQSZekz8vQ.mp4
6UjZaj86bKs.mp4
6Z4Qg_fNo0Q.mp4
6Yn2U58qxPs.mp4
6cPXFUqRB1s.mp4
6b8h8ztnj9Q.mp4
6czh95dpwAA.mp4
6f1HnAlpphA.mp4
6fWXqCWuU9Y.mp4
6g80a1NnftU.mp4
6hjRnngC73o.mp4
6hNV9oxC51k.mp4
6hu3V1PS4vM.mp4
6fyIc1vrK4Q.mp4
6fuOwhx91zM.mp4
6gyD-Mte2ZM.mp4
6jTH_gFx6Ik.mp4
6jgWCFWtCfU.mp4
6kgJx6ahgq0.mp4
6j-H-tIjJvA.mp4
6nMQRUhOcwM.mp4
6l0JqBhldeA.mkv
6r3qgd1y5KE.mp4
6rOmYOU7748.mp4
6rfFmqz6s8M.mp4
6pnabYJdqxc.mp4
6skP3w9WDIM.mp4
6qojVSLbyUU.mp4
6q3EIv2X8BQ.mp4
6y_gnZgf0N8.mp4
6vylz7u_tHw.mp4
7-jcXxwqf5E.mp4
7-_Nur_xiV4.mp4
6xAe1YVbxuY.mp4
73LjSLUZGZc.mp4
70GQ4Nnrk4E.mp4
70rKlFJdkKw.mp4
70bS0DkAeDo.mp4
7-u3OI6HDns.mp4
73AGD3RWPEw.mp4
701qhmCLPxU.mp4
74AJ-1e1qGA.mp4
75cjK13ylJM.mp4
75xhANnCOEg.mp4
7B1FZR0IA6M.mp4
7AsHuXeoSpA.mp4
7A_NgDs7jZY.mp4
79FMLEeVp7Q.mp4
7FPvAakfM9Y.mp4
7DJDUzdw_I4.mp4
7GOPv-XegSc.mp4
7ET-TtUVU7s.mp4
7Eh6c1eYMFk.mkv
7H4-gDM3r0w.mp4
7JXae2so5-E.mp4
7H5oYHs7EJw.mp4
7J6cZ_Gz8q4.mp4
7JoYkshshVI.mp4
7OYvyg32iqw.mp4
7LimgSQsHm0.mp4
7O9kkDxEvaY.mp4
7NG6UrY2Foo.mp4
7RDn5qTQquE.mp4
7QxUtHqQdbY.mp4
7RESODKApso.mp4
7S15OsGinjw.mp4
7SxEQiFHGm8.mp4
7X3wPRKuAsU.mp4
7X_wgaRaJYQ.mkv
7ZbH4vHTmVs.mp4
7KEM_rbhASw.mp4
7eR0DyDg7wQ.mp4
7_HWPDDW7Cw.mp4
7hfaWQgcDyo.mp4
7ghaFHKMUZ0.mp4
7ih5UMIU7zE.mp4
7hvq4VqEGCE.mp4
7fwrkFHTm-Q.mkv
7kO_qcJEiu0.mp4
7oeFpnRCJkY.mp4
7o-2My6U3GU.mp4
7mmXZeOJT8w.mp4
7mDiIJ9r4EU.mp4
7o7hL0VccJQ.mp4
7qBA7XPDsC4.mp4
7p99ez6MEeo.mp4
7tlXgKBTD_0.mp4
7tDDXbiQ8AI.mp4
7phIVBx1BzQ.mp4
7s7YqryNMAE.mp4
7toItxBIVtk.mp4
7rpq2RXAoKE.mp4
7vgokK5_Pvc.mp4
7x_1tRem1gA.mp4
7xpkFhlxo2Q.mp4
8-1h1YXYvhk.mp4
82cpSdoHdg4.mp4
8-QcL1k5n6k.mp4
81dGQTVec_s.mp4
81k4vwur1Gk.mp4
85RJm2qymRY.mp4
84OwFujqHyw.mp4
86Yl3F2HSik.mp4
86iCOCtA4Ww.mp4
86hyAYM5d3E.mp4
87JvCGMC514.mp4
87hsTxVtn-A.mp4
87pCIcWgwVM.mp4
88TLZbT_KkE.mp4
8E8bytYxwAA.mp4
8Da6w-Eg3Ko.mp4
8AQopjogplo.mp4
8A7nbBMC4eA.mp4
8C1EFngZC3Q.mp4
8FSKFy1tPQc.mp4
8IJJGK2td2c.mp4
8EfkFxoXI_4.mp4
8FO4W-SBpxs.mp4
8Kv7piYg9yc.mp4
8QY00KU3gkw.mp4
8Ny9NjNpQQA.mp4
8QEG_1GhoEc.mp4
8OEts-YLeW0.mp4
8Q-P5KEvXN0.mp4
8P1vKpL3Zcs.mp4
8RntjHIwMNo.mp4
8RMrbKCQheM.mp4
8UXuHMmOYGI.mp4
8VPjByN_v9w.mp4
8TGG-FZx0cc.mp4
8YKUwWUU-O0.mp4
8ZA8UGBEx74.mp4
8XxsgEw49p0.mp4
8_XQPqLdblg.mp4
8cbHNUbu3Tk.mp4
8_jbsmj5Z9w.mp4
8c-s3TKrtdE.mp4
8bppcsg07Rc.mp4
8eUBLvj3veI.mp4
8iHklV25LaE.mp4
8e80cJTrJDs.mp4
8gUKEh27AFM.mp4
8fZbv6OUEm8.mp4
8iTz6Jy3lJg.mp4
8inrvRctXQ0.mp4
8itO1pQI9ww.mp4
8jyqeivzs2M.mp4
8jUdeuAOEJg.mp4
8nyOw9vBh2E.mp4
8nQGd6hiduA.mp4
8s3b1f6OMw0.mp4
8onOVVuN_Is.mkv
8r167TmBebg.mp4
8nhuvbFSSmw.mp4
8ma-p7ap2MQ.mp4
8ulb1O_5gRs.mp4
8wB0BOjuyes.mp4
8tddzer_NfY.mp4
8tlLBffNjf8.mp4
8uV6u0QcTSs.mp4
8v2ewQE-QK0.mp4
8yeUJm0Pl24.mp4
8zq6C0SRyDQ.mp4
8xvoAyY70I8.mp4
90vop6PS2Y0.mp4
9-yueOtwiL8.mp4
94bJbSWNw3o.mp4
94q8YdJoPUw.mp4
91WRZuT4c6E.mp4
94w7SEcPDho.mp4
91XkPU8A5hs.mp4
90SltIDizo8.mp4
98OypfeTKEc.mp4
94wjthSzsSQ.mp4
96c3BWVDoq4.mp4
97LW-ivu01A.mp4
98YZQ0gNjpQ.mp4
95UgspVYJSM.mp4
9A9_sNvJ8zQ.mp4
99xnJSBRzkE.mp4
9A3z0W8U124.mp4
9AOVI0OCZqg.mp4
993xtlhuVII.mp4
9GwsrWUq7mY.mp4
9FK7tjzBKio.mp4
9GYLUAFgCXE.mp4
9Bo7Hr77DgA.mp4
9JrRZ9i1sXo.mp4
9KPRS9y8Fvo.mp4
9I42aiA-UcY.mp4
9Hxcuf80TK0.mp4
9IwS7pfJXu4.mp4
9JMbahMzBjk.mp4
9L-aeZsgwZs.mp4
9IvKkq9k81o.mp4
9I4H8O6B7yM.mp4
9PP5_HGpu4c.mp4
9PY28-zQhm4.mp4
9PxPcJS47js.mp4
9R2wP-iceaw.mp4
9SY9ufDznFQ.mp4
9RAW6QibWRs.mp4
9T1C2CW_P0A.mp4
9UpVdljXQ4E.mp4
9VGbtQrlcN4.mp4
9VRLj4IfUzY.mp4
9VWoQpg9wqE.mkv
9XmzbuByY_E.mp4
9WhPG89P-tg.mp4
9XjHgUP5QW0.mp4
9Xrw-WOipSI.mp4
9WOvWFdA7lY.mp4
9Zy5ylJYiA4.mp4
9aRUmbcYxUM.mp4
9bERRZ2eTbo.mp4
9Zn0zErRckc.mp4
9_zC7CdvYu4.mp4
9abGikdleAU.mp4
9ZboVy59qrw.mp4
9cJi1iD7Iyo.mp4
9dSOQrpovQI.mp4
9fw8ODTEso4.mp4
9fQ2wWFJJGo.mp4
9elfMU_LRKc.mp4
9cxGx2BsKkM.mp4
9btLaLqX-Zk.mp4
9hE6VRD3qXQ.mp4
9gU5be5YCVw.mp4
9njq_aC4AS4.mp4
9nndNUHadcg.mp4
9pNfaRJ0K4o.mp4
9pJBfTZOcxI.mp4
9qVcdqGeAzE.mp4
9q6wWG6ql4E.mp4
9svdYGBSMvM.mp4
9ut_IDtfVzY.mp4
9ukVV07rszg.mp4
9xHLzVojpBc.mp4
9uxkazuxmDw.mp4
9xKOEE8Ni-Q.mp4
9wRQsxVFwkE.mp4
A0LLegTPpWk.mp4
A1EflBqBv14.mp4
A4L4ObzZ5VE.mp4
A3160tXXLGg.mp4
A4PdcfWqrN8.mp4
A7ER02-zr54.mp4
A80eMz7rJUM.mp4
A7oh6l1AIvs.mp4
A3a6MNgab0c.mp4
A32TgJfp2z8.mkv
A92F-HvSZx0.mp4
A8dBgZCuQow.mp4
A8KtrGjBodw.mp4
AAfFlwaXW3c.mp4
A8NAj6NQ5vM.mp4
ADUmfTuiDH8.mp4
ABBQqwPOxw4.mp4
AC9mml3mqps.mp4
ABBA086Gmq0.mp4
AGjhryYGVs4.mp4
AFtFitXAFks.mp4
AH4v5vqsUlc.mp4
AFb77tjPuwQ.mp4
AFdqkU6FyqY.mp4
ABQYqpWF1LA.mp4
AJ15GW-sS5M.mp4
AKShRE_4eTA.mp4
AJ_a4fE-rR0.mp4
AK-9sj8btp8.mp4
AISkvED80lU.mp4
ANwaFSIHdW0.mp4
AO-0r8H2DOo.mp4
AOteP9srRpw.mp4
AMMECm7Huhk.mp4
APlxSpTZVPI.mp4
ANeDHelwzK0.mp4
APAxAnwS9oM.mp4
AT_pPlJTiyE.mp4
ASXqlsSfZ5E.mp4
ATk8OkvNHHQ.mp4
AR6_PW1um-I.mp4
AUHORHUgC-s.mp4
AUFI2wx5Z48.mp4
AUPs7Ukfc1I.mp4
AXw2bkQyRPo.mp4
AVIMCVsLrVw.mp4
AY6QSTuHGRc.mp4
Aa33vHLEXJA.mkv
AZn294ubbps.mp4
AauepSs1kUU.mp4
AcLZk6JyXUM.mp4
AZx_lm2XLHk.mp4
A_ndiCY-rDc.mp4
AimG8xzchfI.mp4
Adjpq4A5WtI.mp4
AeOUzM7nl5w.mp4
Ad9jrt2bP1o.mp4
AdP2aMo6OgY.mp4
AeefhelpxGA.mp4
AmhfmeKk6Bg.mp4
Amgt0yzQido.mp4
AmWcQz_KJG4.mp4
AqTZd5HZKNI.mp4
ArzhjEk4j_Y.mp4
AuVVP8q6tFY.mp4
Auy0KGsXAIg.mp4
Aygp8JaMkqQ.mp4
B-6kP8M_GmM.mp4
AzmaqkS88YM.mp4
AxaksczuL80.mp4
AyicWbHhUWc.mp4
B0cb0B90Ubg.mp4
B1DNoole3Wo.mp4
B5VIJnAFlK8.mp4
B4qwjeJBk0s.mp4
B42CY1Z6eV8.mp4
B5Ea3Bs8hC4.mp4
B5hzlU0OepQ.mp4
B67jaG6qKWE.mp4
B8imoIn6NUE.mp4
B8d9FYuZglQ.mp4
B7t85SESTXI.mp4
B8KJJecq2F0.mp4
BBRNbo8c8gA.mp4
B73wt5icB-c.mp4
B7Ddfw2PXOI.mp4
BEtftLo6NKQ.mp4
BCdt22s9hlU.mp4
BFxxrjqgF0w.mp4
BGHQbw5HZ9Y.mkv
BD7txKlwoj8.mp4
BCRFFkvfB_Q.mp4
BDQHEemWnSk.mp4
BJ9r8_JnG0k.mp4
BH-kBRn84i8.mp4
BKdKbFPerGo.mp4
BLTOTjVYiuE.mp4
BMxtjh9E7BY.mp4
BOOX9aGlSEs.mp4
BLamvR0GIE8.mp4
BOVYcAeBxyY.mp4
BQ_BJNFGmTg.mp4
BSg989GP5ro.mp4
BQRidRi2V1c.mp4
BSdXxBOJ12A.mp4
BSKolF3MMe4.mp4
BSlVLi81VGM.mp4
BRuansCVV3U.mp4
BR9dr2iOyNc.mkv
BTUgRe4aSsg.mp4
BSsXKG9dFHI.mp4
BP9MfTepAv4.mp4
BZAzrFF5emE.mp4
BWqsgYhgUbI.mp4
BWsjIONsXlM.mp4
BWKKwqX62Y4.mp4
B_9S_qzlD38.mp4
B_PhHrBEeNI.mp4
BcMHGhxdMl4.mp4
BfLrltipDDU.mp4
Bh35Q9vNsSA.mp4
BgAiDS4fF_I.mp4
Bh8RcPBQjxo.mp4
BhCNHWQhhEw.mp4
BioBrxuKOsw.mp4
BkBbzC6nIvA.mp4
BhAQhPasmhU.mp4
BngR6rNiO_g.mp4
Boa880LnJ3w.mp4
BodF651KcIg.mp4
Br1Ty6PCrv8.mp4
BtrGC6PUPJk.mp4
BtYKJOmw-aU.mp4
ByF8Pg3xXNA.mp4
BwR1DPCVsP8.mp4
ByIIq3jFOKo.mp4
Bule85koN3o.mp4
C-6kvesNmU4.mp4
C03QJbrKzaw.mp4
BzxK6r4UG5k.mp4
C10_qXWxpsk.mp4
C1IuvUSmcvA.mp4
C0MIMsY6okw.mp4
C0gGikr-Dw8.mp4
C3Mdjku7ZmM.mp4
CAG75_XxmEE.mp4
CArYinl5tFo.mp4
CBW_uJJpmZY.mp4
CBoitanoH4s.mp4
C8Toxe4fE30.mp4
C8IHSB9mfeE.mp4
CG-itBlFOzc.mp4
CCRPXH8ui-s.mp4
CFBmZ1g16H8.mp4
CGIrDfEP5lE.mkv
CIgdBoHjGXU.mp4
CKjHXMoXye4.mp4
CL6TbOgnLzA.mp4
CHMk7efu1ro.mp4
CHBpVOfPmRA.mp4
CMGjxw3X1dI.mp4
CMYeHWoB1FM.mp4
CQ4dPckD_Xc.mp4
CMTiL1ctmDs.mp4
CPnLc0MtBYc.mp4
CN01Gm2Yc4k.mp4
CNdCnkKhitI.mp4
CQ0r8ldAKl8.mp4
CTWo9EfQ4Hc.mp4
CRH5U5XKb2Q.mp4
CRDBKk44RWg.mp4
CRNycmwvGXs.mp4
CSDApI2nHPU.mp4
CQXhtaNkhrw.mp4
CRdgzvZxB8A.mp4
CSsilC4QbB4.mp4
CQocaUwWcQI.mp4
CSruNOwxCRY.mp4
CR_79ZjQG_w.mp4
CUG8vpMIFEQ.mp4
CXbVcrVgNzQ.mp4
CYPfbnL0bCI.mp4
CaQkeVwKiUs.mp4
C_2EFIuyDSA.mp4
CdwgIN9FkdY.mp4
CdjU2OZri4c.mp4
Cc_DmDsXm6M.mp4
Ce0t7gfJl5w.mp4
CfDdbeAk8LE.mp4
ChH3zlLeWug.mp4
CjPN7fw0B48.mp4
Cg_jN5G1ZpY.mp4
CgaWju3yGc4.mp4
ChPzol03Hqs.mp4
Cgquef_qgcs.mp4
CgWVpLVd16o.mp4
CjuTFlxFvH0.mp4
Ck-9AHZNkq4.mp4
ClW3USojCoE.mp4
Cl96RZAFcZo.mp4
Cm8hWFFA16I.mp4
CjoAnld43C4.mp4
Cqbs_wM3oc4.mp4
CocYQOgnegg.mp4
CoP3xaSZt7A.mp4
CqscMsSNiNY.mp4
CnrvRF_N7fU.mp4
CtQ25XC45As.mp4
CsvEXvHlO3M.mp4
CrWlXxqj4ac.mp4
CuZpm0Il6YM.mp4
Cu-p0FZOqi8.mp4
Cy2wqpjppy8.mp4
CvmhLCrOjhM.mp4
Cy3tUZIN8nk.mp4
Cz5fahiO1AA.mp4
Cx3QGeQu7xM.mp4
CvsFEsXakwo.mp4
Czw85LWCGes.mp4
Czd1PFeumIo.mp4
D-0MV6LRvbs.mp4
CzyMYAvKE2E.mp4
D1E_KJRxGvQ.mp4
D0pVkTEYQg8.mp4
D0aZaiBAHxg.mp4
D-wP7_1A_Kw.mp4
D0RDF1ez-8Y.mp4
D5A6eBnKmD8.mp4
D4wcmmQsPng.mp4
D3NZ45e9llI.mp4
D5jLypnn6Ps.mkv
D4Y6DyRD0kY.mp4
D2JvqkKa-qM.mp4
D5xp0LuEcKw.mp4
D2TQ_RR2Q50.mp4
D2ggFcgEbFo.mp4
D7Oc3SLX0wo.mp4
D7WhCBcddSA.mp4
D9hS68pULz0.mp4
DAPX3S1Nmqg.mp4
DAv8CEings8.mp4
DEduSDgovOQ.mp4
DDh5-FjIegY.mp4
DCjklOgbzGs.mp4
DBGea9pST1A.mp4
DFAodsf1dWk.mp4
DJE9nX2qKYs.mp4
DFJBJkCR0Bk.mp4
DOgmd5jNhXY.mp4
DN3v5LhGsx0.mp4
DP9hfhq8sro.mp4
DQ9EaCSFwGI.mp4
DQVkDzj4cPE.mp4
DQLotF3P9Fc.mp4
DRSH-_Ye9eE.mp4
DSMSAIk_xhY.mp4
DTWZhe352y8.mp4
DVXOr56dlKg.mp4
DVlMzGPhWO4.mp4
DWsO49YhWUI.webm
DW7Zm9DzEDk.mp4
DWvFgDSAUzE.mp4
DV1ITGBfo5w.mp4
DUb48prwNZk.mp4
D_yO_40uREE.mp4
D_y9uXMbImA.mp4
DXhVbxfmrYM.mp4
DZBu_U_Jt4c.mp4
DYwF_1xX4dU.mp4
DZx2G-OZAPk.mp4
DZrCkQ2z-u4.mp4
DbBqhlSvr-o.mp4
DepG0r3JiV4.mp4
DeoqC3oVV38.mp4
Dh3bLRYJkiY.mp4
DguywhRJ7ds.mp4
DfOiHMcrCbs.mp4
DgcoDX3HbKY.mp4
DfFqlrv7F2g.mp4
DhgdEfKAvO0.mp4
DfOqhNeHDgM.mp4
DgJ-GG1Agyw.mp4
Dl0JNkGbZT4.mp4
DkiJwIJQKaM.mp4
DjT4-5H3xDQ.mp4
Doy6s1y58uc.mp4
DmAOCYuMgtE.mp4
DinaQYSgbtg.mp4
DmtaWx7QcZ8.mp4
DrQgYA5_8VA.mp4
DqsaFxxfONY.mp4
Dt2KQcKR4T8.mp4
Dx4LpX-X9JY.mp4
DvIng_zQPyY.mp4
Dydb923dXss.mp4
DvTZ5mmF8NM.mp4
DxhdDYQkQU8.mp4
DvDfifKGXXg.mp4
DzxPreFrmFE.mp4
E-M2Cq0RNTs.mp4
E15Q3Z9J-Zg.mp4
E15z95ZcEYU.mp4
Dzj5X11anrk.mp4
E22gU_8tafI.mp4
E1AVyl1RwF8.mp4
E0niuPtg16o.mp4
E2NKQZNMAO0.mp4
E3IP4Y8e_ho.mp4
E4n0KcS_zgI.mp4
E3UJv-NC1E8.mp4
E2Vd-sOC_ik.mp4
E2nAOID5DLM.mp4
E3dV8LdAPx8.mp4
E3UCEbGZmz0.mp4
E5FiPYZARLE.mp4
E7C91KoML-o.mp4
E88Sr9H3Wi8.mp4
E50qKeeMbgU.mp4
E5zIMqTj4nc.mp4
E9HbfcT1ZWM.mp4
ED7SKNfAKyI.mp4
E9R1H8xRIW8.mp4
EFEI0-awheU.mp4
EEMGyhO3OVI.mp4
EF74-5YIhAk.mp4
EFGtb9IDQao.mp4
EDkYPikPWW8.mp4
EGrXaq213Oc.mp4
EHianByJXXM.mp4
EMDTvPUEr7E.mp4
EKfhRuD3x9s.mp4
EI_6eT-0-X4.mkv
ELlRh3gjpeE.mp4
ELiXlJUBzzw.mp4
EInkc1uEX3c.mp4
EIibo7aTpys.mp4
EN63ldqfGsI.mp4
EQNJfWiAS28.mp4
EQPiYEvFmSo.mp4
EQMDnhIKU4w.mp4
EQajiMQAW74.mp4
ESlUzrtqC98.mp4
ESecNZbZgug.mp4
ERGoTBC8NkA.mp4
ETHVjrG7S4k.mp4
EVQlh2Et5tc.mp4
EWWCQH6WbtQ.mp4
EXr5QXCpkYY.mp4
EYIYohKR0Qo.mp4
EW3zRMVjkoU.mp4
EXUKhI7WTqo.mp4
EVtM8DKW4bc.mp4
EWlt9TTOw30.mp4
EXxckPa76vc.mp4
EYoyxe8hd3g.mp4
EZKrOWEKX_Q.mp4
EbBlHnunlSI.mp4
EbQJuDQdW8U.mp4
EbGq9gXcXLQ.mp4
Eb_9_Bcij0Q.mp4
EfjzkyLrnDg.mp4
Ed7kAmkawTo.mp4
EiXW33yuAcw.mp4
El4QfhJ6RvE.mp4
EhjiQFHfDmY.mp4
El_q7DhzArg.mp4
En9FemmDusk.mp4
EolA3Rd_Vm4.mp4
EpV0Zmg50nQ.mp4
Eu3QFCldg0s.webm
Eucw0oPrFUs.mp4
EqSXihtiv5g.mp4
Et4GHTvGbg0.mp4
EpWZ_-hNKKs.mp4
Ey7w7pu5HZc.mp4
Ey-0Q6VNJaY.mp4
EvJqfGXb5Fo.mp4
EwEV5_sHGJk.mp4
Ez7s36AwgLk.mp4
Ez5uEh7YyIM.mp4
EwYgRPVDQWQ.mp4
Ey2SmPzJTKM.mp4
EwjDShmfFHM.mp4
F1xZKduLnWg.mp4
F30odTEdsxo.mp4
F3FjEM9ls0o.mp4
F51cKkjt6tk.mp4
F3jJVS3NHf8.mp4
F559bkkKSp8.mp4
F3iZD7tm8Io.mp4
F8K9WQfHth4.mp4
F9Wv_Lxe_QM.mp4
F7u4kpwhs5g.mp4
FARJEomZRrc.mp4
FBUtGL5_tto.mp4
FDLhpMkJwCM.mp4
FCiKVtVqTAA.mp4
FDvZUUc5tw4.mp4
FCe1NVTbaZ4.mp4
FFyJjF4MjHM.mp4
FEqLmpNzxdg.mp4
FExyWFc1nU0.mp4
FGFPyp9nJug.mp4
FIaXCUPjFY0.mp4
FJ7yrh2UiQ8.mp4
FLJzzot6F-s.mp4
FIw076A69Oc.mp4
FLZPaPf027E.mp4
FP0tI2Tjigs.mp4
FMYu8k1b_DM.mp4
FNAt8Pew0HA.mp4
FMVECEaQ0Jo.mp4
FNlEHAIh6LQ.mp4
FLImHIKzzm4.mp4
FOm0uKw7dXc.mp4
FQkvwPpDomw.mp4
FRJLhGFpCGE.mp4
FQVs9_IbgOY.mp4
FQEGKGn9vnU.mp4
FSe9tVYHgBc.mkv
FPv0qnoQbq0.mp4
FU0EPNGKsv8.mp4
FWbCX1wBVoE.mp4
FUvUDCZxAO8.mp4
FTmGHtBdWi0.mp4
FbmK-7sZ3O4.mp4
FX4inHmWQtE.mp4
FZk40J_drws.mp4
Fb-t6zr7K5c.mkv
FYhB2rQwfCc.mp4
FcfoTk3UK5g.mp4
FfYNkePtHjo.mp4
Fdzw3niNDYY.mp4
FeWZkO6kZl0.mp4
Feo8xSjY5A8.mkv
FgRIl4bNl_M.mp4
Ff8QLpH5T1c.mp4
FiqkrBh1VOI.mp4
FiFzHgBjryA.mp4
Fi2Al65EH0g.mp4
FlLDPameKGM.mp4
Fmr6mPyvE-g.mp4
FmaW2KK4wWU.mp4
Fky1ioAUt38.mp4
FklvvNrpsUk.mp4
FmDGejzydo8.mp4
Flh6nxGkf74.mp4
FnbVnRX6WxQ.mp4
FrRKm_V0lZU.mp4
FqiMsRnatP0.mp4
Fr7rhb2Vw_k.mp4
Fr9F2xRLd0A.mp4
FrV8r4l5ZUM.mp4
FsS_NCZEfaI.mp4
Fv1qhPABYk0.mp4
FsS8cQbfKTQ.mp4
FtbrPGaINt0.mp4
FrkXeG1YoKg.mp4
Fyi7pbkKk7w.mp4
G1hRHCymRGE.mp4
G00TjQ7JJ8Y.mp4
G0DPDo44wt8.mp4
G3H3Gflf1SM.mp4
G5frRzhSNJ8.mp4
G72MBCYwT8E.mp4
G71xFbDSSno.mp4
G77y1JRjZDU.mp4
G8OyFOhVGCI.mp4
G8gTBLLf8Bo.mp4
G6ayznrS0tY.mp4
G8dCenteoT0.mp4
GBFRHM7i-NQ.mp4
GAqzjkkb98Q.mp4
GE2q5qDJ-xU.mp4
GD9SfOn3irM.mp4
GIy6ZbAooOQ.mp4
GHU3G24jFjI.mp4
GGSY1Qvo990.mp4
GI8tylrKKlA.mp4
GKM-K8jbfyE.mp4
GG_Bi89pNlg.mp4
GGv0sCOf_tM.mp4
GJDl-whUpq4.mp4
GHBeLaysVaA.mp4
GLL1vOrV5Qo.mp4
GMHzZXAQzIA.mp4
GP2S0V5NiPs.mp4
GO_36Qd9bb0.mp4
GOxmnVFdMfY.mkv
GOZ305xZvz8.mp4
GNg5kjnJlOE.mp4
GQdkuWJGYFg.mp4
GR6Ul2pD8_Y.mp4
GSFyEkGCUVo.mp4
GSo0lqq5zmM.mp4
GV_BDNmUiLY.mp4
GX1EjqXAszM.mp4
GaIvG8u1tzo.mp4
GavbA_SHlVM.mp4
GbykXyc8LA8.mp4
Gfsk28SzgXk.mp4
GfiqDJA-qqU.mp4
GcE-0A4Titg.mp4
GgiaxJ1JeSM.mp4
Gg32cIypcdc.mkv
GgAXP4FTFnA.mp4
GhXniQgRUTY.mp4
Ggtcmy29TxE.mp4
Gl6EMAgTNKo.mp4
GkwkHQJifDU.mp4
GnLUmMkyvCo.mp4
GlJ4DvArV6Q.mp4
Gq8-XVrlAt4.mp4
GrACpo7aonA.mp4
GqkvSUNfZFk.mp4
GoFV8lTD4ug.mp4
GsR4fagoV-Q.mp4
GuwWFip-AF0.mp4
GtCXZRGSaqk.mp4
GvJxJf4m6_M.mp4
GvP6gZbHn30.mp4
H-5nHSHwFOk.mp4
GxSh-XQhIjU.mp4
GxOjqC_IDX4.mp4
GyBIC-DBoss.mp4
H1cKUnazzFM.mp4
H0l29-F7Edg.mp4
H4wC2d_Vbog.mp4
H1bmoIihWwo.mp4
H4spfNy_LG4.mp4
H3PWbSF9ax4.mp4
H91Dm6jaUPg.mp4
H80bs53Arrw.mp4
HCFF0svChQY.mp4
HCntSYltlmA.mp4
HD_vpQCUSCQ.mp4
HDVk1O78gwc.mp4
HCphw9_Jku8.mp4
HEw5wIWVpWE.mp4
HGSZ9_CVuM4.mp4
HGduo1zU6Ok.mp4
HFDsuGHojDU.mp4
HHG1kCydLYU.mp4
HImOluKZgp0.mp4
HLZLkI1NYAs.mp4
HM_rHjh-wqQ.mp4
HNR_HofJ_Fs.mp4
HOTCR1uIaBM.mp4
HQk5hngL4Us.mp4
HPrkxpOoep0.mp4
HNvolNt5RU0.mp4
HQP20PGfwYM.mp4
HPNZi_WsUeY.mp4
HUZ9PuMm8yM.mp4
HW5QhCSKTsw.mp4
HVKveVRZ-JY.mp4
HWV_ccmZVPA.mp4
HWcWElJfEjw.mp4
HZWdMK6zhec.mp4
HW9SFCj0dVU.mp4
HYAlS44yzdo.mp4
HZ0tf9Cp340.mp4
HWuRcUpcsHY.mp4
HWgQhsTgj90.mp4
HcZ3irBAcE0.mp4
HatKNbfqL-k.mp4
HaGLPOqibaM.mp4
H_dERoTis5Y.mp4
HdZjxdQhtZo.mp4
HeOj7jZ0igI.mp4
HgKZ4KAuhdI.mp4
HgOHqD0lWTE.mp4
HfN967uah8o.mp4
HguqDEvSN68.mp4
Hi0L9rcsXUI.mp4
HlAjWgz7zZ4.mp4
Hhc10CrukfA.mp4
HkzMA1jrm00.mp4
HktZZPJMU8s.mp4
Hj3kEemIPic.mp4
Hk-wwGuHuC0.mp4
HlYwtqJALns.mp4
HpJ2pr0ykqo.mp4
HlhQ3-WOdgI.mp4
Hn3-SRXssY4.mp4
HpjomKhpIdk.mp4
HnCUykqco5M.mp4
HsGz6S2MBU4.mp4
HuUIIKA3o_A.mp4
Ht9WSqhFD34.mp4
HtCQ-OmHJl4.mp4
HtkuvF7VbSQ.mp4
Htp7EK8IB18.mp4
HwRiUpC5mf4.mp4
HwTSF0VgmMU.mp4
Hxgjh9Yb408.mp4
HytB88Fhqw8.mp4
HzAlvJ1fNWU.mp4
Hy8WbkpvUlA.mp4
HzSCfBOefA4.mp4
HzyTD2uZ8jI.mp4
I2w4N_GnyT8.mp4
I0yNAIWHcQQ.mp4
I3BWhaDRxGk.mp4
I4kjOE8HnU0.mp4
I4uZkBmE5eM.mp4
I4y6q9oIIQo.mp4
I52lhI6txNo.webm
I5F59PkcDWM.mp4
I5Q0DcmTs9c.mkv
I91LmNcwN4Y.mp4
I6IfZiNmlWA.mp4
I6nuNE-Qibw.mp4
I5g6I-FOguQ.mp4
I8nK8c7k9ko.mp4
I6B4g85H2iI.mp4
I8jhEprzTN8.mp4
ICMcCoyuBAw.mp4
IAtxK0w_ybY.mp4
ICBrXUuwvgg.mp4
IBscTNN6qfY.mp4
IEPoIqIrprg.mp4
IEtCboPbTXI.mp4
ID44l9VqqGQ.mp4
IEqnfSiCIXc.mp4
IDVWoE02zjM.mp4
ICl9CT-9fKY.mp4
IHpBwsyMT9Q.mp4
IJAR9ERJt4s.mp4
IK9kE9IrcOM.mp4
IJ76Wtgg2g4.mp4
ILF-93buuSY.mp4
ILIpCfCWyT0.mp4
IN4nGNF9gi8.mp4
IMto8gJvRek.mp4
IQGg87yZZjs.mp4
ISEbX4WvBW4.mp4
IQ4SUx8ythk.mp4
ISHKwbnOzXY.mp4
IROb83YwQ8Y.mp4
IRvFx8K0gAI.mp4
IUnqrqZ_x_A.mp4
IU6LVYI0FZM.mp4
IWdJF6lBSnM.mp4
IVFGb72s3oY.mp4
IWhEUNOUIyc.mp4
IXUh06YCtjw.mp4
IZx-EMbylmM.mp4
IajP-SB2D5c.mp4
IZNrdIkMCoc.mp4
IaT8-cA_AVU.mp4
Ieb7EkMxpJk.mp4
IeTMYNbQSp0.mp4
IdEXShfpQHs.mp4
IgAE9XJVIlk.mp4
IfKGdI5egKc.mp4
IgyBIt3GTAU.mp4
Ii3jLIcf92s.mp4
Ihmu18WVMpk.mp4
IhWxuvzIHkc.mp4
Ih8bPM3p0rE.mp4
IiCN1md2MV4.mp4
Iiwz1JtC7rk.mp4
IjULOynkK5I.mp4
IiNf2F4P5sE.mp4
IkbEC202hYg.mp4
IjwOh2YmT9U.mp4
IlN_XipVf44.mp4
IoJoUIxzdac.mp4
IlCsGkFnRkc.mp4
InVpvGiubi0.mp4
IoGpS8NQklE.mp4
IlKOWIBAEFE.mp4
IqRN2sOQ7Mo.mp4
IsHMvAfUOGs.mp4
IqXaLlFSWwc.mp4
Iq9cAZxki9Y.mp4
Ir_Ul8FaXs4.mp4
Irg5qYkjJoY.mp4
IsHM24qWmpI.mp4
IsM_xfhJzps.mp4
ItukN-TWrJM.mp4
J1fcLhB-Slg.mp4
J0-OVQ-JB5g.mp4
J27dBmSpRW4.mp4
J-uW8raljqE.mp4
Ix8WFQ6-yx8.mp4
IxaoK4TbALQ.mp4
J2gGPC98yec.mp4
J3DxJ8gI95U.mp4
J4hnBPgwDlw.mp4
J2gJYNO2qh8.mp4
J4rzLO4u_pI.mp4
J8mSgO4r-kQ.mp4
J76bFZWXHFY.mp4
J8B2dX3FLTo.mkv
J8pZtBhpqMI.mp4
J7JLo0nQ5pA.mp4
JDM9Akcs96g.mp4
JE50XTpCN78.mp4
JEvEoAESqJ0.mp4
JFBd-R1YuXY.mp4
JDn95TW9WoM.mp4
JDg--pjY5gg.mp4
JE0xYYOp5_s.mp4
JGuVc7z_YOQ.mp4
JHuLY-ygFkc.mp4
JHHHuKeA-WQ.mp4
JHITVq5zJOM.mp4
JJyV1AIQj4M.mp4
JJ811udnROI.mp4
JHYMG87h3XI.mp4
JKZ-3N1fYL8.mp4
JMpwIWxoB5s.mp4
JLDZdxTf5TA.mp4
JMlNfZlOyX8.mp4
JKa3jnnowNo.mp4
JQpx7CcTstU.mp4
JOBSEatasv4.mp4
JQcN61A1MEU.mp4
JUfowIpmwaE.mkv
JSYv9uYZP2o.mp4
JTQsElq5UN4.mp4
JW0VZ5NoC8A.mp4
JSqJmZPqDy8.mp4
JRs2MpyP0SQ.mp4
JTrwGfPJNzU.mp4
JWN0cMm-8ug.mp4
JZN0L8pp5hY.mp4
JXazqQitVdQ.mp4
JXyi7hFT26w.mp4
JXMD8Obk0yg.mp4
J__1J4MmH4w.mp4
JcMOzfurtK4.mp4
Ja8QImLWYII.mp4
J_CJSmMFWlg.mp4
JZz2O0y0ufY.mp4
Jd5tpIdMGh8.mp4
JfifgnVgJEU.mp4
Jd0hvO7erXM.mp4
Jd0KWW9LN4Q.mp4
JgAlMwG3fWw.mp4
JcsnMUVBlac.mkv
JgDfOMDfNZs.mp4
JfF80Uho8U8.mp4
Jd6dM5p91M4.mp4
JeSxkw4ed-I.mp4
Jh07fhoPWEI.mp4
Ji3qvOdmOZA.mp4
JhihdPxI_Xc.mp4
JjGhHZgdWVI.mp4
JkZZvDHTty4.mp4
JmtcnoHa66U.mp4
JlCQlNjvXzA.mp4
JoiZmVQCLCI.mkv
JnpcJP82WLI.mp4
JoQywfQ6B-8.mp4
Jl2lDgcsvmA.mp4
Jp8L9h4aaV4.mp4
Jsx38_s3Mnc.mp4
Jx4GCjGARqs.mp4
Jv-bPV8eswU.mp4
JuD1OdoXe9Q.mp4
JxbmHo84AC4.mp4
Jz7bt59z6Qg.mp4
JyfelXz6GaA.mp4
K1TizK5Sg78.mp4
K3Z3z8t-RIQ.mp4
K3sJnHGHQHM.mp4
K0MzjnMzbj4.mp4
K2Pws9z20Do.mp4
K2dU4-Rg354.mp4
K6oVOQG0lOo.mp4
K5wPwCFVkhU.mp4
K6Tm5xHkJ5c.mp4
K7f0co9akMI.mp4
K5v9-h2S5pw.mp4
K9ccE4wrTts.mp4
K8f4LNNiQy8.mp4
KBG7wrKsZAI.mp4
KBMvitQaXzE.mp4
KEXm-3H6eTg.mp4
KEMMmoIdT3g.mp4
KFS_lGlO-Ew.mp4
KEJP4Uxa5m0.mp4
KGTPkiDRpfE.mp4
KI6FNa3BwMM.mp4
KLr1ZVJDFDs.mp4
KMz8f9vDK38.mp4
KRES3eBM2l4.mkv
KRSBbX-itrY.mp4
KNyM0KvDHMM.mp4
KNLGluuewIU.mp4
KR1-rdV18pI.mp4
KNyWPCoHEng.mp4
KUejIghF6K4.webm
KU8VVtam3ig.mp4
KZLEUd2ALVI.mp4
KWhXvv1WtFM.mp4
KZyg_UYyL0s.mp4
KbbEbeCJTJg.mp4
K_IqYFJKIgk.mp4
KbEoaYhMZ6c.mp4
KePjkCySBCs.mp4
KfzVxgHEyzI.mp4
KgEHEyz3oKw.mp4
KgccYb6ufPY.mp4
KgM8_YBJbM4.mp4
Keuj_3QyLq0.mp4
KjUxjcpIG_Y.webm
Kkkrap77n5M.mp4
KhAtzEJxz9M.mp4
Khxa5Ey3udM.mp4
KjkD7CZcXK8.mp4
KiKZEKwn4Aw.mp4
KoHzXi7Usl8.mp4
KlheP4IiS8w.mp4
KoqE2gPCLe4.mp4
KpmdpL5btYo.mp4
KwBuRjh_v9M.mp4
KxJpfKZbNiI.mp4
KyDcuYjDi_Y.mkv
KyrDumISv4A.mp4
KzogfJrOqJE.mp4
KyDcuYjDi_Y.mp4
KzVRgHnpCOQ.mp4
KxAxMZ6dYa4.mp4
KzxVQ19pRUU.mp4
Kyo1nkGKRqw.mp4
L1B_cE8waag.mp4
L149Uf5V7K0.mp4
L0Fdx2r3qA8.mp4
L1lXij7Fyvo.mp4
L21zcZlFfIY.mp4
L2FgftH2VD8.mp4
L36MIRUpcrI.mp4
L4rKeN_4CLk.mp4
L54gbbqtxOg.mp4
L67RSiR2X78.mp4
L61Le9sOGK0.mp4
LA5UXJ_hVU4.mp4
LAicExwwM54.mp4
LANB732DHbo.mp4
LB9-RIKxk6E.mp4
L963epA4MFU.mp4
LAZHNzFbDNY.mp4
LBh2kEwx2cQ.mp4
LACH47i14lY.mp4
LElk0AlBpbI.mp4
LCLDhKiMAPA.mp4
LCe0toF3058.mp4
LDIemY9nO-4.mp4
LCyLWiw7n5Q.mp4
LGt_KpgXymU.mp4
LGS_yzsScfw.mp4
LJdI1neOr2c.mp4
LIJBolW8k5o.mp4
LLFhSU-XuTI.mp4
LQ7X62seYYI.mp4
LM8C4FSpN0w.mp4
LN8UWHvoELs.mp4
LNLsmdVMCmY.mp4
LPV3n9LeQ80.mp4
LMMimz1-fa0.mp4
LSFmrUdURCs.mp4
LTPrtyWIcA4.mp4
LSaUJwsU4GQ.mp4
LRhkbJ9dcP8.mp4
LUDZ7e0RdEE.mp4
LURZ8QDfowU.mp4
LV0nevBELso.mp4
LUGksGa4WJA.mp4
LYqq0dPB-U8.mp4
LYqfB7HsQwQ.mp4
LZC9MLWo9bE.mp4
LZEiFNEAyyw.mp4
LZxTeIeuqT8.mp4
Lb43_7s9t7E.mp4
L_8Gyi8FMk4.mp4
LaWlIUKH3PU.mp4
LbXhdPZakpo.mp4
LbS-C68GTX8.mp4
LcXB-fSLTKY.mp4
Ld2a5ogu9k8.mp4
Lf3oTCD4d08.mp4
LdzaFk5VrD0.mp4
LdDB7xXXHQM.mp4
Lm4oeMdqOgw.mp4
Liha_xwiwtc.mp4
LkUnT9fMIXc.mp4
Likt_9dbMqE.mp4
LnDz1rvDaPY.mp4
LmioUbGNv04.mp4
LoBjzA2z2Ls.mp4
LnMvFpR0xCY.mp4
Lo848n58uoM.mp4
Lomlff9wClo.mp4
Ls-0SqAeXW0.mp4
LqCg09IRp-o.mp4
Lr5GuPjfU7Q.mp4
Lp3c3nwHrqM.mp4
LsK452h29ng.mp4
Lwy92HbuZII.mp4
Lzvtnr4gT8Y.mp4
LygR7ds26JY.mp4
Lyaozxv4_qU.mp4
M-n0vW3p2sE.mp4
M0sa3xWhFGo.mp4
M1-G6KEhY-M.mp4
M2wdIwZMNm8.mp4
M4npKXFKxPA.mp4
M6FdaEstXbI.mp4
MAyYq3HilFc.mp4
M7Lc8nh9auA.mp4
M9Z2RKnwiz4.mp4
MC0L0ljTUiw.mp4
MDucYea4ie8.mp4
MBTSe-NHK-I.mp4
MHhMO3yhcfU.mp4
MFow119nrOk.mp4
MHo5kioyrFM.mp4
MIQiVsnwcWE.mp4
ML0XZMcKk_E.mp4
MMB5Cn3JCGI.mp4
MOG4eTo4Q4Y.mp4
MM2ZYfEWCQo.mp4
MMVfzKCnpnI.mp4
MOvLBw1EzmI.mp4
MR0vMF_5hp8.mp4
MP31A6fHsh4.mp4
MSSb3wPd5hM.mp4
MRxC-Ygp4go.mp4
MSPslSgkp60.mp4
MRzsZN5p9QY.mp4
MU2DUVy_wqQ.mp4
MVUqd8iVUEk.mp4
MT852hP9wVk.mp4
MVxXCu4zxSM.mp4
MTJ1EtiizVQ.mp4
MVzypK0eMKc.mp4
MWWDqMI-rxU.mp4
MWnYL4JiMP0.mp4
MYFVsllwDnc.mkv
MXDeLfF5rok.mp4
MYi6p113py8.mp4
M_E1i4S8Vp0.mp4
Mdt2E8KYpCg.mp4
MdOAr_4FJvc.mp4
MbEtgOmOY-4.mp4
M_WEOecjwLY.mp4
MaJlWFemO68.mp4
MdrK2uQ-GvA.mp4
Mgym0F-T7Js.mp4
MiOJxYa5Nt4.mp4
MjRsR_7ECi8.mp4
MjmDj36sVxM.mp4
Mk9PMED8K4g.mp4
MjljlkQaHh4.mp4
Mk1gOZ5EOUk.mp4
MkKUQ4MMHd8.mp4
Mm-bwu8Q2IU.mp4
MmOVjM5-D-U.mp4
MlnK2sa7mm4.mp4
MmOQhq95Z_g.mp4
MnZ9L54twws.mp4
MmipoQF8EJs.mp4
MsalIjwP3no.mp4
MpqXCbsqVNQ.mp4
MtFX7uTHwFQ.mp4
MrVj3D-DuJI.mp4
Mpph0kFsyZ0.mp4
MoSuxL57xRY.mp4
MtmQjudesdM.mp4
Mv2uecqTSdY.mp4
MxKuqpxmKKk.mp4
MwQTeFD0OKQ.mp4
Mx6Gt14tnmY.mp4
MubE2kOK6z0.mp4
MvZFYjs80Y4.mp4
N-LaOcSqZaM.mp4
Mz-yz0fQ_Hk.mp4
N-1b20gDnCM.mp4
MzNI-qdQfQc.mp4
N49yT-kvXuw.mp4
N2zoVF76Pgg.mp4
N5XBi-uPkAU.mp4
N2WxAkVh-C4.mp4
N6ERAg1EKcc.mp4
N5x5VUK7Kx8.mp4
N2hi_TNBk94.mp4
N9xp9VbpklQ.mp4
NCvNIKw4EZ4.mp4
NBawYEfglow.mp4
NBXH7A2EO7Q.mp4
NDK0XQnsnmA.mp4
NDyc4PZE954.mp4
NFErgnaSRRY.mp4
ND9mMyNjm5M.mp4
NIJTz15ikgA.mp4
NHznDFD3V3k.mp4
NK5FWZ2BOQs.webm
NIY1f2KcEe0.mp4
NGk3v4sKqdg.mp4
NHDjJ8auZQ0.mp4
NGiDXRIx1gk.mp4
NGBaYycOQT0.mp4
NH2TVi42xDE.webm
NJjoTu1vS7A.mp4
NKblxYCeetg.mp4
NLdyQ1oMmAo.mp4
NLCNBK2YJQU.mp4
NLuNMeYBeoc.mp4
NNOsdZr802w.mp4
NLdhDlsMnxQ.mp4
NNZKinEXYc4.mp4
NNfAlym-xh8.mp4
NNqghz7Fd0M.mp4
NQOPahBcpSE.mp4
NVR52Aed_7s.mp4
NSMAftE6fb4.mp4
NURr5XJcwFs.mp4
NYRlfaKwTag.mp4
NWaMWZUuTZc.mp4
N_um3L3w1uQ.mp4
NcjQI0avKHE.mp4
NdnosxA2c5g.mp4
NcTZ3wgdNOQ.mp4
NbO4k5EtU4Y.mp4
NgG4AWP1F6Q.mp4
NhcOmldkGIo.mp4
NjTk2naIaac.mp4
NiinNJg-uyg.mp4
NiPqyUecGdc.mp4
NjzUWVoc8rw.mp4
Nn-KZMYbOv4.mp4
NnMMEFglHBQ.mp4
Nj_rPQwzllA.mp4
Nqh3RtLRleU.mp4
Nq3b9OReeEI.mp4
NrlITLsd7Fk.mp4
NpBZn7OHUKo.mp4
NsqW8ZwYDEk.mp4
Nt6cha3hK_s.mp4
NvOo-wtEPPk.mp4
Nsl_tnIRNEo.mp4
Ny49eEt1OJg.mp4
Nx4rK_jvvR4.mp4
NzxZdC-63LE.mp4
NzrOOXRyDPM.mp4
O-YKLVm0ciI.mp4
O-upcCp0jIs.mp4
Ny8NDMWfGJk.mp4
O0-CRPl0TR0.mp4
O1z0Q-3OUg0.mp4
O2Y6rn4gFd4.mp4
O1WvjCFqLz0.mp4
O3HFalRZVts.mp4
O62LVI0XNHo.mp4
O5vpeIfQxLQ.mp4
O9phka35v6I.mp4
OAot8XBeLrs.mp4
OD7lx6blG9M.mp4
OCdmlTxq1Co.mp4
OD4MrhX85-M.mp4
OBfVj8mCVUw.mp4
OBDq689jDDY.mp4
OBb4013eIc8.mp4
OBua42LRiF8.mp4
OEQM6wYtYlk.mp4
OFKGyZxazQk.mp4
OHNH7IV0768.mp4
OJiLPJkzel4.mp4
OFe8toY6Ch4.mp4
OMRu1rPRBHo.mp4
OOqGdga8t4s.mp4
OMq736aZeV8.mp4
OM58jhy61Mc.mp4
OPp3DqFq0O0.mp4
OMa1i3ITBbo.mp4
OQPBLjX1LHk.mp4
ORKAMBnsX64.mp4
OS-h1xzAZno.mp4
OTm43dbEEuE.mp4
OUpTPRtEITY.mp4
OUIS4bnEhU0.mp4
OXbfnzs-qUU.mp4
OWyqpSBJH8M.mp4
OYAyb_Ire24.mp4
OXTQsO5abO4.mp4
OYIAhO9nJmk.mp4
OaFYMXKxTbk.mp4
OabVylOVys4.mp4
O_e0pqEMZMw.mp4
Obj__zWaZqk.mp4
Oa26_SgrY8w.mp4
ObkyDlB5wvs.mp4
O_L0CSZ7nnA.mp4
O_fdvOxYqiY.mp4
O_tZAD_opA4.mp4
OaG9uH7BgjI.mp4
Oent5pguFk4.mp4
Oc8ACBiwIyE.mp4
Ofnuo7FTHfM.mp4
OiL6Aj0gC14.mp4
OjV4UScwkU0.mp4
OhpaFQeQtKs.mp4
Ol7JKNItQC4.mp4
OlH5t7EKOKM.mp4
Opqg11Nkb7c.mp4
OsrRpGbIpKA.mp4
OqLUp37WKMA.mp4
OqA83jGQtfg.mp4
OuEQLjwBIPI.mp4
OszjSKHCvKI.mp4
OwSdSL_4sxU.mp4
Otm5TV4XI7w.mp4
OvGxDaayPcw.mp4
OuVncktxGw0.mp4
Ovtfld_ZyCs.mp4
OwchMqCYaF4.mp4
OzXD3WO6jrs.mp4
OyKEEws65l8.mp4
P-04xkAdWSY.mp4
P2fUelA4BfA.mp4
P2hrv6QzDPI.mp4
P3kWD8Oocio.mp4
P2Fcv3cC8bI.mp4
P1gGM89_T2g.mp4
P3_YQbHXEIs.mp4
P5Y-b-lcBs0.mp4
P6cR-26pTSY.mp4
P4PQ5tC3gX8.mp4
P6Z-7k-erfc.mp4
PAGuZzrzSO4.mp4
P9qhbSYblG4.mp4
PAiJNr97C6g.mp4
P7UbKv72LAs.mp4
PCoxnf59j5U.mp4
PCTqA_ov8RA.mp4
PCSlAOYPMOs.mp4
PBzlHfEMU5s.mp4
PDjtB578yRk.mp4
PEpfA3L4m20.mkv
PJ72Yl0B1rY.mkv
PFrFwE3CfjE.mp4
PJysE5c1WDs.mp4
PL1JmxPH7y4.mp4
PLnfT1PoVHw.mp4
PKYg6_rs3LQ.mp4
PKEw32TJRWs.mp4
PJgy8J1f3jg.mp4
PLqTX6ij52U.mp4
PJgB6h-fImY.mp4
PLek2e8NlKc.mp4
PMdba6f_cho.mp4
POvVSjY_8HU.mp4
POYg9zju63U.mp4
PSh-caJvSHU.mp4
PRT0Z9HPF4U.mp4
PT4x_Y5lu_g.mp4
PUJYZEq8H64.mkv
PVdd6E1S0Yc.mp4
PUWg7fXnCf0.mp4
PVed6JEd3ZM.mp4
PY6WgOIZlhw.mp4
PaAJ-6HT6bw.mp4
PYNTOqgOXWc.mp4
PagM71op4HU.mp4
P_zz379qSuo.mp4
PZ1FVhgTRWU.mp4
Pfc7KbwqdYk.mp4
Pcro3S-4EnQ.mp4
PfleCcLgZ7E.mp4
PllZQ09sBuI.mp4
PjNF7HoQ6yY.mp4
PjcTk1hcf4k.mp4
PoamN_DEInI.mp4
PmeBYO3ARvk.mp4
Pp5DCsgaALg.mp4
PmmKHLmG5Ec.mp4
Po8gmt7hVTY.mp4
PrR-kkpy1c8.mp4
Pt5jMqQXTZ8.mp4
PsddM2OmOGo.mp4
PqcdYoa--8g.mp4
Pr6zL1ToSC4.mp4
PvB98KAatK8.mp4
PwOMgya8qYI.mp4
PwyvQ3BKziA.mp4
Pv6oIFroaCQ.mp4
Pu5p7SC3sqg.mp4
Px08sPeSsG0.mp4
PyPu-6wATfw.mp4
Q-879RNVOdg.mp4
Q0U51Hqn21w.mp4
Q-fUXywUo7o.mp4
Q0FbJovQ0Lw.mp4
Q2wd5aLtZ1E.mp4
Q2jdtN4-RE0.mp4
Q3tPDohXUYc.mp4
QBI5ZH_cdik.mp4
Q8iXOTXdy2Y.mp4
QASZ8CTxBSg.mp4
Q6uc1kl008o.mp4
Q78FBGHniCc.mp4
Q7cgJD7-sEM.mp4
Q6KyDc24uSk.mp4
QBXswoKU4S4.mp4
QBqfrJzcrns.mp4
QCeGGnd4QB0.mp4
QCj7IGUGs2Y.mp4
QDTo_ss6INM.mp4
QHn9KyE-zZo.mp4
QJfuxpFMn8s.mp4
QGzrtgTrwiQ.mp4
QHmZWkRK528.mp4
QMm6gYzsMw8.mp4
QMHF20eV9N0.mp4
QN6YFgrx_Ig.mp4
QMCHIR3nDLs.mp4
QKEFacWrn_8.mp4
QOMvNgo6CQ4.mp4
QQBmydn6--I.mp4
QQe2n2yjJuc.mp4
QOuNt8YH3Rk.mkv
QUJXOFPJ_YI.mp4
QV4E2B0AdGw.mp4
QSV7f5XHohE.mkv
QTPz2j16KFk.mp4
QWqEi91fWOQ.mp4
QVdsLRKpCT0.mp4
QVe7NojAHjY.mp4
Q_LhL-t0Yls.mp4
Q_32kySHzCQ.mp4
QZWyv6SShks.mp4
QXAs-KJj7K8.mp4
Q_W0GL3ljUY.mp4
Qci4EFEIZuo.mp4
QeL3ScQVelo.mp4
QacSWR8c-8Y.mp4
QgjNH6sAziM.mp4
Qhs0AjFvcOA.mp4
QhiKgeJV3k0.mp4
QixK0AeqcsI.mp4
Qnr73D2zIjU.mp4
QjMNQxu3Zf8.mp4
QjaEDlh805g.mp4
QnQ2D-tJ9pM.mp4
QlTddnlIJpA.mp4
QrQN-Hm5xew.mp4
QokthYjtPzM.mp4
Qre7RVxEn78.mp4
QoTM5tmcJeI.mp4
QoRUUJz-PU0.mp4
QryL-hVKAOA.mp4
QpJ5npI8qO0.mp4
Qo3riKtRg2c.mp4
Qu3_80O0j5w.mp4
Qu-Y2u1Xn_U.mp4
QuEHZ2Y3H40.mp4
QwnUZ-5JaOM.mp4
R-RQx5pbMvo.mp4
QzbZxKJ-YBY.mp4
QylENMzsW9w.mp4
R3MPcPKQYKE.mp4
R0B5bBr6t8w.mp4
R37pbIySnjg.mp4
R1Q-KP8GHFE.mp4
R2EZlSlDCuE.mp4
R3HC-IAZVZg.mp4
R246xMs2aig.mp4
R0YS8JS_0rk.mp4
R4oYA0Zu-m0.mp4
R6kXT4Spiwo.mp4
R7DhZaY3A08.mp4
R7iFa9OpoTY.mp4
R8WbSI3m1lI.mp4
RD7AUdgtchE.mp4
RAluocUocdw.mp4
RAw8sshR51c.mp4
R8vqzwGs6aE.mp4
RIr3Y2XS5NA.mp4
RGMSc1tfkzA.mp4
RHtpBRwZ9hM.mp4
RFgusQogDyQ.mp4
RHb_nF11Scc.mp4
RF0ChBe9HHI.mp4
RG98kemBdyg.mp4
RHpigjSwhVM.mp4
RKzwMrL5Th4.mp4
RL4V-Sx619M.mp4
RN2QwhcAsUY.mp4
RMkaNGdydws.mp4
RLMvrl_vaqc.mp4
RNAUncQEASo.mp4
RPkH81M6-NE.mp4
RPLbUeV3-o0.mp4
ROMy00dG8Ds.mp4
RPkLocpR8VQ.mp4
RPr1ZbIGLwU.mp4
RVHx_Otzcl0.mp4
RSyk6rS8ay0.mp4
RUAWJc2OIJY.mp4
RTwa2d6Oqvo.mp4
RTD_JWmhNkA.mp4
RVbejE3s3m4.mp4
RTnNxbG2V5o.mp4
RVZprJDJz1U.mp4
RTM6iJxc-G0.mp4
RX-9yj3PkYI.mp4
RYJ3yzxZB8k.mp4
RYl-eG9hasI.mp4
R_AsoAmxd4o.mp4
R_TRpIHkgMs.mp4
RblRzlmSFak.mp4
RZogaNvPuNs.mp4
RaQE93FNLQI.mp4
R_YZNqP1gSE.mp4
Rai5nKbB6wU.mp4
Rd18n3PeZvk.mp4
Re-SsHmajds.mp4
RfchfRzuV8I.mp4
ReKUs0km4X8.mp4
Rd9TrjbCkAE.mp4
RgMAHuMVRcU.mp4
RhEunVjB_Ns.mp4
Rg9qviHZ3qc.mp4
RhOV_K2XzZA.mp4
RiF_iAc0keQ.mkv
Rho3u46ZIEE.mp4
RhokmoZJrco.mp4
RjFoJggnfj4.mp4
RjBXzs2XvbY.mp4
RihO8i98QJg.mp4
RjZ7jJBE1Qw.mp4
RllrUfp2EIU.mp4
Rj_SwlpOhNk.mp4
RpB5_XYoYhk.mp4
RnN4BXyOtxU.mp4
RnwidjJiDEE.mp4
RnRUwLtR33g.mp4
Rnux3rCLdmI.mp4
Rokj1EIAHHk.mp4
Rn5qprCWXFg.mp4
RpVkFIpEhIE.mp4
RpH774VD6Hw.mp4
RseCMmSvcPY.mp4
RrEJ2-TfWCI.mp4
RpgTxW7lYJM.mp4
Rq1MoqtH8fM.mp4
RrKCACSu9xU.mp4
RpyIg_j4I3E.mp4
RrVsNvO6Yd4.mp4
RzFqIN5hWJQ.mp4
RzMKERQ9vOU.mp4
RxXBMgsu6uU.mp4
Rvx2EoMScKg.mp4
S0Kl5D5mrvQ.mp4
S3EA0yDdaWY.mp4
S-DOW63629o.mp4
S8oIiWRiIfE.webm
S5MD51gg-vA.mp4
S6VgTNGiIkg.mp4
S8RXX1uOGgQ.mp4
S5bjFaZUnOM.mp4
S5zweEQSnho.mp4
SBn1i9YqN1k.mp4
SBj7yuFEwQI.mp4
SF3pw17yBB4.mp4
S9alQwrQ-oo.mp4
SAaqnGbci6Y.mp4
SGiMk9KdOQw.mp4
SFfB6qvT5FI.mp4
SI8HO5-e24c.mp4
SKdouCRLoKE.mp4
SKMVLKmgxAw.mp4
SL7iKDqir6g.mp4
SLisp6hn700.mp4
SIf4H2dqbpg.mp4
SKtUq_1cOSs.mp4
SLdf2ZUdgEQ.mp4
SO5KnbKienU.mp4
SMNXIkCGh_0.mp4
STAvUAslEYM.mp4
SSTom962aPk.mp4
SSoHwNbASQQ.mp4
SSJjjggYBxc.mp4
S_1_ZSMxRfg.mp4
SaG9e90z1j8.mp4
Sd08rsPTroE.mp4
SfQku6CicrU.mp4
SeVftOMjNMM.mp4
SdsoRu3953g.mp4
ScKbopywnvM.mp4
Sd4C8_FMdjA.mp4
ShKrNPaSdhY.mp4
SibfKtVX3CQ.mp4
Si6LZFiQT3k.mp4
Sjx7K9Ybx9Q.mp4
SipyRTPgdfY.mp4
Sh8r9g_lp7U.mp4
Snj5CuEUbPI.mp4
SnZnAVuMn4M.webm
SndKvA_2DcE.mp4
Snq0l-gKpWo.mp4
SokK_O2s9tQ.mp4
Srpn1NaBueI.mp4
SoWow2cxfac.mp4
SqIVJrXxO3g.mp4
SrcZRhXkr2k.mp4
SqEHpHNuy-w.mp4
SrKGO2Xu670.mp4
SrA6k_iQNGA.mp4
StTr5O_wGXI.mp4
SvDnZ47J37U.mp4
Sul7NDmB5HM.mp4
SvYeqLg4dQU.mp4
SvIUXZqy8Hs.mp4
SwIxaPdYIJE.mp4
SymvoBsqt3Y.mp4
SwbvD590YtQ.mp4
Sx3NHkPp3Jo.mp4
Sx5MlpX6NIY.mp4
SyOdA4ZKEtQ.mp4
T47mErD2KeA.mp4
T-Ngg5bptUc.mp4
T4ZeB_TvS68.mp4
T7kOKW76EsA.mp4
T7fzZX0qKKQ.mp4
T7Mg-Owb14Y.mp4
T69Cadlc62E.mp4
T60xwc6nKJI.mp4
T8ae3_Pm5eE.mp4
T97WL2cKD6M.mp4
TDZsE3yValQ.mp4
TDROfnEk0NQ.mp4
TAC-5hXVLPY.mp4
T9gKHEOvRKk.mp4
TFIlTCvL4oQ.mp4
TFwELfVs19g.mp4
TDfWOcKi684.mp4
TEh6gfRUFZQ.mp4
THOLslLjRqs.mp4
TIAAUayALPI.mp4
TIjwhYSIRgg.mkv
TIEzvhv6xaI.mp4
TK5FnYshy10.mp4
TM4-Miytfv4.mp4
TOP1Fwili-k.mp4
TOBHIXCu4Ic.mp4
TP8lUusp66Y.mp4
TNFoUBRsngY.mp4
TRXLUcm2CuQ.mp4
TVPiI9551As.mp4
TVmuh_sR1KI.mp4
TRWDARS8lRE.mp4
TSO5Phe2ZM4.mp4
TUfYisuVrs0.mp4
TUMk0wpBiP0.mp4
TUPCQpyoSbI.mp4
T_5ANYuDWOA.mp4
TX8FGTL1flw.mp4
T_q3f10pkOg.mp4
Tab-dSCaMC8.mp4
TaLEPzEyZ34.mp4
Tc0nHNkf0KM.mp4
TcrLMpMA1WM.mp4
TdqEtrrPX_Q.mp4
TbxVdELEiO8.mp4
TeLWp5sSxg0.mp4
TbLBu2TDey8.mp4
Te9e32TDiZ8.mp4
TfpCjzGqA7w.mp4
Ti1ZaH0VGfg.mp4
TjR436qaQw4.mp4
TlDh_RZ3HDk.mp4
TqcoukXhXeA.mp4
ToLMOwlrgm0.mp4
TotbMcWIoyE.mp4
TqO5Ddh5Lp4.mp4
TomBet77rDc.mp4
TnvAN5iwpIw.mp4
TpgtCuYz0RQ.mp4
TokZDNwr664.mp4
TspdPLMqTx0.mp4
Ttx3kt2fW1o.mp4
TscC5kgurqY.mp4
TtAEG3yXDnI.mp4
Tsht1n005fI.mp4
Trzd5ijRN1A.mp4
Tv8r1w-rLME.mkv
Tw1vg9qWLx0.mp4
TyHLBe6__rc.mp4
TxYZLJQOHvY.mp4
TxgvL4ZJZbo.mp4
Ty0BvWyYPVA.mp4
U0qUFAPUg_Y.mp4
U1nvAxorOPQ.mp4
U0d68z5HTwE.mp4
Tzm6TEManmQ.mp4
U5wliityRuU.mp4
U37UAWdI-vY.mp4
U36rsW_WhUA.mp4
U6-j4rUn3dk.mp4
U6S8a3WI19w.mp4
U9pnR51t6As.mp4
U7vWTmVzWSc.mp4
U9Dcet1qdRE.mp4
U7QjLGMeGOo.mp4
U7k6GFEOt7g.mp4
U7vH9pEfGVw.mp4
U7oDqpIYsxI.mp4
UCzKdpP9sLE.mp4
UALnEw4XhTY.mp4
UE2mDvY9rew.mp4
UFVeN-ThOwU.mp4
UGjF8G0HLZA.mp4
UGKGBBAckJw.mp4
UGujWA07GkM.mp4
UH9qJ4Y6ENA.mp4
UHNUmpx0nww.mp4
UH_z4C6sv3E.mp4
UJwWjTvDEpQ.mp4
UI98gtpg7FE.mp4
UL4YwgCFrDI.mp4
UKo5IFacUyE.mp4
UIPTzsWiGSU.mp4
UN0bAa_ko4I.mp4
ULwdDmQ8Z_8.mp4
UMhZGJqeSuU.mp4
UNbC2c1C824.webm
UL_3QfD3ERM.mp4
ULH_AqrP3to.mp4
UR1e1MIRvvc.mp4
UPfQNZl0_dg.mp4
USWExMIMcik.webm
UPwDuuYlLfQ.mp4
URgF15eyQvg.mp4
UTiSAR1o2nU.mp4
UWgzslG97MQ.mp4
UWTpfygMUQw.mp4
UUjTMDSUvs0.mp4
UU8Xtm8Gl3I.mp4
UYGiq0CsYEs.mp4
UYe6JGaUZzg.mp4
UXi0Cy16-0Y.mp4
U_FxyViYYBA.mp4
UajYunTsr70.mp4
UadYaZOC6B8.mp4
U_ia-tINzpw.mp4
Uc1_7BXtXZs.mp4
Uc0Z2tuIJVA.mp4
UcI4miTi0Cg.mp4
UcVbSLmILaY.mkv
Ub88_ql0B78.mkv
UgSLUt8X1Lc.mp4
Ue90f5r-2Qw.mp4
UfjR8ewF8xo.mp4
UgXPt2LydrY.mp4
Ule69iMpA3Y.mp4
UhNgPK81rKM.mp4
Uj1QtIM8500.mp4
UlWLcqIvLKk.mp4
UhgVO1QaP2s.mp4
UjJ8yWaFNGg.mp4
UkA6pgt29VI.mp4
Ujgmih4OtMs.mp4
Ujm7CiWkOBY.mp4
UmH4VPH0KG4.mp4
UodvUEkuVig.mp4
Upd7zpT6tuc.mp4
UqU_mAjgknQ.mp4
Uqte3S_ErTM.mp4
UuLBAMSmwgc.mp4
Usowsx0PDbA.mp4
UuJwtJBJ7oU.mkv
Uqs8NaPzHKU.mp4
UqSjGwxBuqA.mp4
UrQ7Jq1s95o.mp4
Uv_6SJlvCl0.mp4
Uw_0h2UrfyY.mp4
UxlSiLBleX4.mp4
UxR9fdD0Vzw.mp4
V--Xz2FtJXA.mp4
V1IHwwpyFUE.mp4
V1SEaTS9hos.mp4
V0e5tItt1RM.mp4
V3LvKGRzkeg.mp4
V35ubrbe8gA.mp4
V4S9ppnrXzc.mp4
V4U5SaPDL0E.mp4
V6B8zFv1DdA.mp4
V4srMOGRlU8.mp4
V4wwal5FQZE.mp4
V4cYhOQ6Pfs.mp4
V9MTU7xLukc.mp4
VE9MAMmF1wc.mp4
VAG6ECk5WYo.mp4
VDYSVR0HbpM.mp4
V9_mEvC24nk.mp4
VGvjsCblFY0.mp4
VFqkLp5mzBM.mp4
VFsRRXYbuHs.mp4
VI2qAFwvPSc.mp4
VLjfzOpn-AQ.mp4
VIROYxBPp70.mp4
VSeBb4e9ysU.mp4
VRRLOIP6EmA.mp4
VR19Scunfhg.mp4
VSONGdnvKiM.mp4
VRwI8Iydb_o.mp4
VNUVKrN4ndc.mp4
VWsyA_RJIzg.mp4
VWpRBfhoFVg.mp4
VUlsdTzaKV4.mp4
VXLyTLY1PAw.mp4
VXCV3KUtCdk.mp4
VUvEWwghANE.mp4
VYOKYSmoyk0.mp4
VaT3qsoHPQ8.mp4
VbhW_K3NvmQ.mp4
VcQHv5PHb-M.mp4
VYuQAfG0gKw.mp4
VcEW9F8TyqU.mp4
VceicZDzH3U.mp4
Ve37zGVerDU.mp4
VdY1Shdks6o.mp4
Vg043D46E7Q.mp4
VeWdsZb5tog.mp4
VdGZfI-8RuA.mp4
VgQmPHpRFXQ.mp4
Vh4TxFOCNM8.mp4
VhzPqd0Su5I.mp4
Vhf-vNRYQEg.mp4
ViCGpj478Ik.mp4
Vkr3r1Cd0mI.mp4
Vl4gId1_zxo.mp4
Vn4wrgBpgP8.mp4
Vncj0EkAGio.mp4
Vnj0j648Emw.mp4
VlLq4bAHCXI.mp4
VrNHEv6aR38.mp4
VpZ3PaLi2RQ.mp4
VtIMPJjcdn4.mp4
Vvi0HQ6Pu7c.mp4
Vtsv9iPHDqg.mp4
VvD2fdPNWEg.mp4
VvlJjaLwGqY.mp4
VuiuqKX8srs.mp4
VthI1KPjEq8.mp4
VtS4vy8Z0RQ.mp4
VwmYoF9Rh_8.mp4
Vyj5eIh3jh0.mp4
VxoBV76IkLM.mp4
W1krUTxgsMc.mp4
W1FmiUTYt3I.mp4
W3ozAI2ozCs.mp4
W30cufYc_ZI.mp4
W3TQnn0q9kc.mp4
W6JJ1L_EEBY.mp4
W50sQxSWDwM.mp4
WCCkmuFrSQ0.mp4
W8XwSNt8P5A.mp4
WCChCrg9eZU.mp4
W8ayZca_fAY.mp4
W84TQm1l90U.mp4
WFL8DhccHr0.mp4
WFqr6QPsszQ.mp4
WHchTZ61VT4.mp4
WFbUBMgOMn8.mp4
WGEKoGRIJGk.mp4
WDbG2_sDHow.mp4
WHYEBsWp5qY.mp4
WEjMCo8OfjE.mp4
WKoHUS5B2u4.mp4
WKXIl7wvlk0.mp4
WJfMz7joX4s.mp4
WMVJqLMtaws.mp4
WQmJrfjOF7o.mp4
WPrlU-Im5Ko.mp4
WPVb8fYLFUM.mp4
WPM0vuERyfc.mp4
WN5EWPfDbog.mp4
WPK5VeqNSh8.mp4
WOZbWqJMkRg.mp4
WRc1Jv1j3nk.mp4
WROGzgOpPXc.mp4
WRX7aUqgZJ0.mp4
WU4ISFy651Y.mp4
WTfeKnRJ17g.mp4
WV-Sf5-aCcc.mp4
WXST-TXQjoU.mp4
WXEq3OeD68o.mp4
WZUxscN9rW8.mp4
WZeMQ-5dFlM.mp4
WaXfGbfUYJg.mp4
W_hux-Z6Ll0.mp4
WaFDgdqY1DM.mp4
W_ZNdQLFmAA.mp4
WaVrNbTmbU4.mp4
WdCoVsU8Bbs.mp4
WebWWFKJ4b0.mp4
WcBB6DfMTWA.mp4
Wgh8e4V8hBc.mp4
WglqrQ9uR-A.mp4
WhBnR7yIvJc.mp4
WoB4lSNBDww.mp4
Wrbf7c58IuU.mp4
WqDep-4l0yc.mp4
WpKQV53ENHE.mp4
Ws5jA8cMKas.mp4
WrFNI5GQFPM.mp4
Wt7Ca_mHbL0.mp4
WqnnGmL-lmU.mp4
WpQHQeY43zo.mp4
WtWw-GNpr4E.mp4
WtNvqSFTgxI.mp4
WuO75Sb0Kgg.mp4
WxlJBRUU1A0.mp4
Wy0u0amd4Ko.mp4
X0UmqVLOAK0.mp4
Wzo3_EYrfAY.mp4
Wyr2o0lsSTU.mp4
Wzg4d-3ym1E.mp4
WzDnorAzWVU.mp4
X4l1wbSYQFo.mp4
X5UoLcloHIM.mp4
X82bc2v5kcM.mp4
XBMiD_7fdF4.mp4
XBO6AIdaCzU.mp4
X6CpfuJLx0U.mp4
X9AnhFjdiXA.mp4
XBBT8UvESiE.mp4
X9Z9uqrb9EY.mp4
X8o3FbH0gyo.mp4
XASTWKClhPU.mp4
XFijgUPprk4.mp4
XDBugI_CcYs.mp4
XH-YlSbgxkY.mp4
XCJ2StGMgW4.mp4
XELYXH6fqeA.mp4
XFlKGUFgBnc.mp4
XDOtHC4E6L8.mp4
XJmBiSBx7Ss.mp4
XIMi2oydVB8.mp4
XKu57UKSqPc.mp4
XLdqEn8pqis.mp4
XQaaA2UZYh8.mp4
XX2sXEmR4BE.mp4
XZZRyOhxQBE.webm
XbkGlZTlixw.mp4
XYW6F_4qKJU.mp4
Xc70KHd4zhI.mp4
XeRiPVEZ6pY.mp4
Xf0c2abFH3Y.mp4
Xjw9vUwILOE.mp4
Xj1R81SK_zs.mp4
XjV0D7nJx0Q.mp4
XkkOVpXegS8.mp4
XkzEXA4b20k.mp4
XlEmG7nM0jw.mp4
Xq2LIzE5eDs.mp4
XoFikALe8Q0.mp4
XncWGxekE30.mp4
XnvaW1HQyg4.mp4
Xq9ueKle4fY.mp4
XuYmybr9uDE.mp4
Xrjkjz1l4qw.mp4
Xt86M-mRxi8.webm
XuG2V9gDD9M.mp4
XvM1rCVQWWY.mp4
Xu54UPG1cME.mp4
XvFv0n2mJUk.mp4
XxfatT0sWXw.mp4
Y-2nhi8JdO8.mp4
XyQSmMYbP6o.mp4
Y-lL9JiLhz0.mp4
Xz3F4x70qjQ.mp4
Xxng1g1PrdE.mp4
Y2UkP0rySHA.mp4
Y0G_wA38HkI.mp4
Y4IsLkxb5CI.mp4
Y1UwPTU61uk.mp4
Y5zJT3BjIxM.mp4
Y8-7fr5bv24.mp4
Y7BBrdCwIJw.mp4
Y5uVICaJU-0.mp4
Y7gywSk5i0M.mp4
Y7VWbYGI0Oc.mp4
YAiCO8en_ls.mp4
Y9B22Ii7-eE.mp4
Y9xPzIiy6mI.mp4
YAhHfaXnpKg.mp4
YCqbvmEG-Uw.mp4
YBrcJxnXuVU.mp4
YBK6SfHd-0Y.mp4
YDSSJ6Tp47g.mp4
YDNgm6ufrJc.mp4
YIEv6_HQtAc.mp4
YNo7-L8VQWw.mp4
YNQphOFqDOA.mp4
YNnyUVFE4uM.mp4
YODfHuzK2As.mp4
YSnCGTXJtig.mp4
YTBmMSIczEc.mp4
YTdLk7Nsn_k.mp4
YTuQrhSKkNE.mp4
YS8swiRbbIE.mp4
YQfJWGJ75Pk.mp4
YRMbCxetWtg.mp4
YSrnHPcdGL4.mp4
YVxuIAwOyoE.mp4
YWfLZFXwjTE.mp4
YYmx8EHIjAE.mp4
YZQ_qh9wC4w.mp4
YZvdzvM-124.mp4
Yc9pZ8Vy-3s.mp4
Yd3G3732WbI.mp4
YeikEC85CGk.mp4
YcjLd_XBK5Y.mp4
YeZz5PZiiwU.mp4
Ydep68S6ViE.mp4
Yezk4k2E5s0.mp4
Yh6xzcNlAjo.mp4
YfcxIgsqs5M.mp4
Yi-0wjSu0E0.mp4
YigV1ARspVU.mp4
Yi3xUQcaOnE.mp4
YfxK4HAp8jI.mp4
YiBenqCKGcA.mp4
YjxjsP6A5H8.mp4
YjE1by2PX08.mp4
Yl85vnsndx0.mp4
YlK_P4Ys6hE.mp4
Yk3pQ18So90.mp4
YozbZM_nA0c.mp4
YqairWJU2Vw.mp4
Yu18MvEn-To.mp4
YveUW4bLL5A.mp4
YrdpvaBDDlE.mp4
YuuWL4EK7Q4.mp4
YySTmiavdMc.mp4
YzyCFfrX_4I.mp4
Yz7FjWlA6U4.mp4
Yzb_4XMgcM4.mp4
YzcgGHmfaKE.mp4
Z2QA7dUVwMM.mp4
Z0eBz6QsI-c.mp4
Z0mxEFOm_Wc.mp4
Z1img-5JbDo.mp4
Z2KHO87wHzg.mp4
Z1N185E4gsk.mp4
Z47QGlaQ1NE.mp4
Z6l2Yu9Q0mU.mp4
Z4yZr5dIMec.mp4
Z7ZODw0C_hY.mp4
Z9k8GiGjkZ8.mp4
Z86tpjRaiK8.mp4
ZFJkIiqOErk.webm
ZF4oT2P0a54.mp4
ZBoa0UN86Qw.mp4
ZBAQx9DxYTo.mp4
ZGsYV0KDB-4.mp4
ZGK-w7-bkNw.mp4
ZJGXWbt6cbU.mp4
ZHOPn9lONHA.mp4
ZGL-PmMopeM.mp4
ZJ6BFrKcRe0.mp4
ZH8hnmjRDsI.mp4
ZJk05q3y5iM.mp4
ZLmoqxkCJL0.mp4
ZKkjR2VTb7Y.mp4
ZOKC86lF6E8.mp4
ZQSa_8wofFw.mp4
ZPVrC5185NM.mp4
ZOQSDsJYXIA.mp4
ZVIi4lPU6h0.mp4
ZU4Mgdd3omA.mp4
ZTHsS5lQyvQ.mp4
ZUM89wyBcYY.mp4
ZVNRQ_MPZAs.mp4
ZWzPz-LX9Qg.mp4
ZWudhOEyE_0.mp4
ZXlJIrRiXrA.mp4
ZY8UyWtoMWg.mp4
ZWlwKbuK2fM.mp4
ZYPKueJon34.mp4
ZYcZZJ0XItM.mp4
Zc44Ddk2NG8.mp4
ZZ71FIfxX-c.mp4
Zc8zn0sKfwo.mp4
Zc7uU4Qwolc.mp4
ZYwfvPJv4Rk.mp4
Z_YXWLkRmjQ.mp4
ZcgahXg_ELw.mp4
ZblmMtkVXIc.mp4
Z_hwYD3_lBY.mp4
Zcq_xLi2NGo.mp4
ZfXkzv-hNlg.mp4
ZefWc2tgltY.mp4
ZeBrPKBGb_k.mp4
ZdaS-WZHUZY.mp4
ZkIGGQ9iOSA.mp4
ZjYttT9itfY.mp4
Zguc8yykcgk.mp4
ZjvmWr5LoFw.mp4
ZhUC4qTGdHY.mp4
Zjfw0n32DBA.mp4
Zkz4ef53YjA.mp4
ZoCRdAYWtKg.mkv
ZlwU7HKcoYs.mp4
ZlwkO1oFBHw.mp4
ZncidS9kQ-g.mp4
Zl3YebXhXC0.mp4
Zo7oziWT-7o.mp4
Zr1xfVeUGeo.mp4
Zr8cz8QrBp4.mp4
Zp9mSiw8Vkw.mp4
ZojEQYIV_o8.mp4
Zomv5zlkkEc.mp4
ZpyCrs-q-so.webm
ZsicrMkZEN8.mp4
Zt8zZhMs4Es.mp4
Zt9nALIsHPc.mp4
Zv78Or7fW5U.mp4
Zxi0V2pBPlA.mp4
Zw4illqWzFI.mp4
Zzj03Cew2vk.mp4
ZwxvczODMbM.mp4
_15t4WTR19s.mp4
_3I4nm2zF5Y.mp4
_1vYKA7mNLI.mp4
_3xMhj4mbsk.mp4
_4LZrf1GL1s.mp4
_7XW-BFK_ZY.mp4
_AKzq9X1Aik.mp4
_8aVDfNQtq0.mp4
_A5iOie5VkM.mp4
_8KsVaJLOYI.mp4
_8Zk9dfBgPg.mp4
_D9oML1HvVw.mp4
_E_9te0nq3A.mp4
_CMIO5R_OGA.mp4
_GQaltSDMAk.mp4
_DlDtsPxdyY.mp4
_Ew3g9PXhvo.mp4
_HMwzNA9DNY.mp4
_I1zlicAxpM.mp4
_KOVk8iGbrA.mp4
_MR8G1jwM4o.mp4
_RCe4Q0p1aA.mp4
_MWyhJS4KbM.mp4
_QTQEw1b_-U.mp4
_QyQSAtMdj8.mp4
_QdPfYK9s6o.mp4
_SzFi60-OGA.mp4
_R-jA9hOFCE.mp4
_S6D21MV8Ks.mp4
_VPf75tGIHQ.mp4
_XRJk2oFwZw.mp4
_Wag6CT_0j8.mp4
_Zq8ugolzlA.mp4
_ZiTTLhXjZQ.mp4
_WMRdq7yFpA.mp4
_cA6yS9SeEc.mkv
_aEHpGmhHe8.mp4
_crwKCjKRjg.mp4
_bz66SOrklQ.mp4
_b_9BQvJ_v4.mp4
_i6yjCO8nzQ.mp4
_i6kvwg1Oyo.mp4
_jxpaVW4_cE.mp4
_kj3B0T_TE0.mkv
_nGlzZystmo.mp4
_n9eNF1WaFU.mp4
_roK9m9UOvM.mp4
_uKKSGTNJAY.mp4
_xgGaxc1jNE.mp4
_vUE7PhDBcA.mkv
_vK_sDOdgbM.mp4
_yFOkxb22RI.mp4
_ye90Ou8SnE.mp4
_wITx73-BXw.mp4
_uOfIm1tFcI.mp4
a0YyuiZVtFU.mp4
a0Zlu4AvdnI.mp4
a1nRXQZ6-Fo.mp4
a1WhnMcTbrY.mp4
a2jpe1QfZdM.mp4
a39_RoOBkX0.mp4
a2HjLtnVDaY.mp4
a4-5QFOiAiw.mp4
a5Xc9ZgN2yo.mp4
a2JBhm22-M4.mp4
a68fUj833qg.mp4
a8dUtKcAunw.mp4
a7YSE6dZ1yk.mp4
aAY_M6M26TI.mp4
a74RMGL_c8E.mp4
a6kF1_4rs2E.mp4
aDaazrgvjJg.mp4
aBdrTqSnWbw.mp4
aDWrPrNFdR0.mp4
aELu8QS8T54.mp4
aGlfi9PqRdY.mp4
aFSaGCvYXXY.mp4
aGKySEwCMnI.mp4
aEpRYY_wi0M.mp4
aKacWW7Mn2c.mp4
aIXUWoP-L-E.mp4
aNE5ZWD5E34.mp4
aOTtBZynDOQ.mp4
aLv03Fznf5A.mp4
aN9vCyXMbb8.mp4
aObyxa8gdAo.mp4
aS0wGPhD48o.mp4
aPjbJ4ZNcVQ.mp4
aQulBdlcGNU.mp4
aPzHheM0Egw.mp4
aPEqCGdCsp0.mp4
aSxSgymPOBw.mp4
aTQaYDmcMDY.mp4
aVH9QsSATKM.mp4
aUCdj7acYos.mp4
aW8LjbEpY1c.mp4
aYSm25veKTs.mp4
aWnpbk007cE.mp4
aYSJn94g_Io.mp4
aYrhuTGO440.mp4
aYtnkEWM_Cg.mp4
aa5jHg4E3O0.mp4
a_c-FIC_W4A.mp4
a_uamUiKq1o.mp4
aa0MLYA8F7s.mp4
agM7yjqVKo0.mp4
afqUOlnLHX0.mp4
ah3tGziTbds.mp4
ahpoDWYqtfw.mp4
aj-klsonETc.mp4
akJbB6LWP34.mkv
ak5mpw8komA.mp4
aljYWkDQzN8.mp4
akwJwcvfjLA.mp4
altXks0a0qY.mp4
al_NNsjwU-Q.mp4
am4Z43QlUrg.mp4
akUXL2VzFEs.mp4
an5XI45pIl8.mp4
apjGHMrnMV0.mp4
aoIGBV31OT4.mp4
aoY0XhAXm7M.mp4
asLRIsN6wLQ.mp4
aqQ7-J9kbUE.mp4
as7KugARkLE.mp4
arnKDX_ToxE.mp4
ave_VDl3LwE.mp4
at8e-jBBU5E.mp4
atw5LkvnAyo.mp4
aw4ehW-wTKA.mp4
ayLeSjJz53I.mp4
ay_YB-S4qR0.mp4
ayXuNcjC8wk.mp4
b-3l2qIHL5w.mp4
ayDMt_8KajY.mp4
axzmwzPQ134.mp4
b1wnLw3H1vo.mp4
b4DhjwkO-b4.mp4
b380n1dci9I.mp4
b3mJ5rPzDv8.mp4
b6VAlwv45q4.mp4
b7B0NRizzYo.mp4
b5NP9oI-urM.mp4
b4b6YkxsHk4.mp4
b8eqn-GTdcc.mp4
bCD6_kGsF9A.mp4
bCEdkW675dQ.mp4
bDK-_jU_KzI.mp4
bBtzyRzk0UM.mp4
bEcSrzeCGyA.mp4
bDwGZOk7njI.mp4
bG55LSFBA9M.mp4
bH-S32gOlCA.mp4
bG7hnpAeja0.mkv
bJ5YjjFLGyA.mp4
bI1L2D_erOY.mp4
bHAzuAnnvcU.mp4
bH6KL0ai3Ww.mp4
bJ695Pp7Vng.mp4
bOUtD3leN0E.mp4
bMJlN9iPpCI.mp4
bNRE808ALfM.mp4
bON69f83fSY.mp4
bQGegLwVc8I.mp4
bSZnvk2Cx28.mp4
bPZRYmr7p1k.mp4
bQhCEXZwnMM.mp4
bVAUJAAg3TM.mp4
bUfhRJjHNoU.mp4
bXdq2zI1Ms0.mp4
bXApJtAf6Qo.mp4
bY-4XBIGiwI.mp4
bWdufJDosIo.mp4
bZ4r3Y_qceE.mp4
bZF4nakRNF4.mp4
bb9AIdvKkZU.mp4
baSx0q9LKg0.mp4
bYUmtLBL7W4.mp4
bY2dgTJFWko.mp4
bb-DPA34qvw.mp4
bcXc6mKSEEM.mp4
bc-DycGxV9E.mp4
bc7r5_gSAVg.mp4
bfk3xsTt0XA.mp4
bfBTnUiGVUo.mp4
biyf6Q-xF0M.mp4
blOgPoTkhks.mp4
bh6VHVHMoo8.mp4
bjKd--KFl0E.mp4
bmoS216hsoc.mp4
bmWICdhvyJw.mp4
bodOObk5K00.mp4
bpB0GiH6uDw.mp4
bmIWsU8sNlw.mkv
bnQVFmXUx_U.mp4
bqnRA6rZcqs.mp4
bwRsZtPzipc.mp4
bvnXdr-Hre4.mp4
c-8GvZKndyQ.mp4
c-zbA4zixfE.mp4
c-C_9InvwKE.mkv
c1tbdVxIhH4.mp4
c1RR1cmS9LU.mp4
c4ctwOucndQ.mp4
c6nEk5N4fSU.mp4
c7HroaL0WDc.mp4
cBAlXvu38dg.mp4
cAhu8H9qsAI.mp4
cCqjsuJa2vk.mp4
cFCN9QE1M0c.mp4
cGoj8xGxrG0.mp4
cEVHZc_uT7c.mp4
cFzo-Zgxk1M.mp4
cIaqen3kVIA.mp4
cIRMaWUTHuk.mp4
cICxG-28hK0.mp4
cHYZPYLwvks.mp4
cLTDcBhgRw8.mp4
cIpBpGQ0XTI.mp4
cKMGacBQX0E.mp4
cIKAwgMLKw4.mp4
cMuQUTKMc0k.mp4
cQYAi2drreo.mp4
cROJALtLB1k.mp4
cRP9tyF1N4I.mp4
cQr-HSUKbsw.mkv
cSwDKlxiqXQ.mp4
cTioh2vzxGE.mp4
cT4EquMmRiw.mp4
cWBbuw_DA2c.mp4
cXY-ONmtylc.mp4
cVuHOF56B64.mp4
cUdIbmXb2yI.mp4
cW2R4AuUnK8.mp4
cXfflEWa83E.mp4
cY3QbnSeu9k.mp4
cY541XSdz50.mp4
c_DQ7Y8ZRBQ.mp4
caPl3Aszru0.mp4
cZWgq6ATrRI.mp4
cZZM3bgmXE4.mp4
cZFThsHMC5w.mp4
ccirM2NGwMA.mp4
ccfffP3pXrc.mp4
cbR34GknrBs.mp4
cdcn6XP1N6A.mp4
cc9iCNPSiKc.mp4
cdpPn-7R3GQ.mp4
ccKJg_f1UDo.mp4
cduejHfXPDc.mp4
cdufbM2OCwM.mp4
cfaBPxE-A5k.mp4
chMp_uvII5g.mp4
cgPt46YiXNo.mp4
cinmiQ4tHYk.mp4
clSku91LoQQ.mp4
cjUz6gVQPEs.mp4
cnjaB6GFpSc.mp4
coEvniePQLA.mp4
cr9VTwfM_2w.mp4
crbkEVcbF2M.mp4
cr2lbZ6or1Q.mp4
cyXWvxVt8qE.mp4
cxDPCkefl1A.mp4
cw0HRDIQ10I.mp4
cyhWzLsM29E.mp4
d0FP6xp9O4c.mp4
cz2ESqP3PDk.mp4
d-eoNpp8mNM.mp4
cyznGwlE9hM.mp4
czmYE1FzBXM.mp4
d3RF0qC6RJs.mp4
d79uK3AhtTU.mkv
dAcdSkaoK64.mp4
d7gY7YJ3Fdc.mp4
dBCiKzkJogg.mp4
d7gbNqcKXps.mp4
dB50ZkOlDzY.mp4
dBzWXTH5j00.mp4
dAiqJJKezPE.mp4
dBNZf90PLJ0.mp4
d950IKYTYY0.mp4
dDmc6n79ek0.mp4
dDN37ufNu84.mp4
dFgwKTH-FhY.mp4
dEG-OgH9zmU.mp4
dFVX_2UQ2WY.mp4
dFlmzpAb6AQ.mp4
dFsFL_WJasg.mp4
dGxJGvw_sUg.mp4
dID-dQpaLbc.mp4
dIC0nm4nrI8.mp4
dJ0kxnyVzFI.mp4
dMryzJswHY8.mp4
dJknA-jTNGc.mp4
dL-ybVv7Sgs.mp4
dMjOeGJBF9M.mp4
dKiy-7TZqeI.mp4
dJgea9sOlBY.mp4
dJO_4TrLr7E.mp4
dOUCAVnJLko.mp4
dRAn_gsx9Wc.mp4
dR3hrw9dVdw.mp4
dQR6VEemP24.mp4
dP2DgvNt12Y.mp4
dSF2i1OQtMc.mp4
dRqbDamDLT0.mp4
dPZfExDmX9Y.mp4
dTkMZlj7jFU.mp4
dSdZz_Royyc.mp4
dSww-S8qyCM.mp4
dTwH5Fzu4eE.mp4
dUzqM38vwPI.mp4
dVcnkTR5EBE.mp4
dWyE0o2NetQ.mp4
dXONZBWOKHk.mp4
dWJIJM3qmyQ.mp4
dZZE8HI0OBE.mp4
d_JH9U-UI3c.mp4
dc8pLGl9Ccc.mp4
dZyb8t-4ATQ.mkv
dbMPw8PfXHo.mp4
dcsQy55tjw4.mp4
dcMFJ-8Eo7g.mp4
dea_92hDJnU.mp4
dd1LE0m_KVg.mp4
ddLFSNa3ci0.mp4
dcEdjqyHj8M.mp4
dgRYwmcRpuo.mp4
dfjl7sS1IGo.mp4
dgas2Fku3No.mp4
dfgwl-_IMic.mp4
djE5A2S1Ezg.mp4
dnJLvsqqSgQ.mp4
dnQcp43wbRY.mp4
dnzcNZBtUG4.mp4
djpr7UMlnSw.mp4
dn1qrAHh7k0.mp4
drzTgrfN19M.mp4
doZb3RlLSts.mp4
dpS_S4Zi2Po.mp4
duZnMXDWkGw.mp4
dvHj856L8zY.mp4
dwCeFVAaP9c.mp4
dySzHZniFCo.mp4
e-k2J91a954.mp4
dzR4voNDZ7g.mp4
e2IL0BusPNM.mp4
e4AIrRnWakA.mp4
e4XYZAs7tcs.mp4
e1_oskOyQoU.mp4
e4bcTIoiMIk.mp4
e2QVdX-JdIg.mp4
e5_lP2HgtSE.mp4
e9AsyRGUzTc.mp4
e9bdQGmyrKA.mp4
e6J_ygZ779A.mp4
e51ld7ANyQg.webm
e8gJpLlqzA8.mp4
e6mpdQ3BFhA.mp4
eA5ANAdLvFE.mp4
eBlYGGmeBY0.mp4
eCh_SqpkjtA.mp4
eCXiGAChev4.mp4
eFbZ0_TJLE0.mp4
eH8PT9fzbqU.mp4
eI_LceS_qnQ.mp4
eKiRykHu734.webm
eLJYFoCx-gc.mp4
eMI2x3HFozQ.mp4
ePaFTey15ho.mp4
eM2miz5uf8Q.mp4
eS1r2Qi0qUM.mp4
eRN5gqZFXHI.mp4
eRHbpYeYtxo.mp4
eSpPY2yMg70.mp4
eTVzSwuCfd8.mp4
eVTMUEYhwDE.mp4
eUCVKv4R-7A.mp4
eUKMPNZ3NI4.mp4
eU27exUJZSM.mp4
eUxFTEeNIGg.mp4
eUecHAdv1uU.mp4
eYgXvnnlPQA.mp4
eZbdiuUu0S8.mp4
eaI8My4pGq4.mp4
eXMF6Skt2To.mp4
ebmi7XJA8Oo.mp4
egT7FYHlWho.mp4
eeoQE0dbA6U.mp4
ep2Kyk8CHT8.mp4
el-ogdlS5nc.mp4
enASD1KDX24.mp4
er6fi7nYsuw.mp4
elgmPvU19K8.mp4
ennVaOEePHk.mp4
eic6dpU0ytM.mp4
ejIEsnkvLWY.mp4
ekJtPwfLM-M.mp4
ekbZecn088U.mp4
esuEWVNHfsM.mp4
esTcWwmykKQ.mp4
esNQZCjMZaM.mp4
et029cxyEOs.mp4
euF5okzyaaA.mp4
ew7XlNRrKyM.mp4
euyYRNOSPE0.mp4
evkiciK1nRc.mp4
ewGW8hMlxnA.mp4
exCENNu1qBU.mp4
ev-RTtbVjFI.mp4
ez9pf35BMtc.mp4
f-JfdEfNQlE.mp4
eyBSKNXo6Vo.mp4
ez8ram5yd70.mp4
f1kY1-9XR1k.mp4
f07eWOCKLI8.mp4
f0On10HA3HQ.mp4
f11zga3X2L4.mp4
f38Jt5D0z4A.mp4
f3YyN44Dx8M.mp4
f4IL30BPe2w.mp4
f4CSejhkTd8.mp4
f4UdgFrorCo.mp4
f6Id4KERnoI.mp4
f6j6lb0AaxM.mp4
f7ndXtwTep0.mp4
f6wAW0Jv2Eo.mkv
fErOJ98E15w.mp4
fG7iLOObw30.mp4
fG0nn2IVdDM.mp4
fCLnOf-YjEI.mp4
fD9JNH5FWCk.mp4
fE3j74_s4KY.mp4
fDPNV463JuE.mp4
fBlvOzfFq-k.mp4
fJNauQt9Di0.mp4
fJCkM6secVM.mp4
fJ4xMCc5SKk.mp4
fKDl_CnA8nY.mp4
fKy5rh-SoTM.mp4
fO8b3U8fuGo.mp4
fQB76oAKOQc.mp4
fOgfpA9MTOQ.mp4
fSUwyioi_ws.mp4
fPCfTJLh46A.mp4
fPtKNj6jCPU.mp4
fU-OulK7lZs.mp4
fWVUEOVUzS4.mp4
fU-kGMQ68jg.mp4
fU4EgYmISro.mp4
fWD0rL_72nw.mp4
fUa3pwpNZ6I.mp4
f_BzYUCp4J0.mp4
fZQS02Ypca4.mp4
fZQclIXmRHE.mp4
fbIEeQknsuo.mp4
fdd5ixvEXOE.mp4
feWO_gqAcGk.mp4
fd7VuzALBCM.mp4
fdHpRUOSi28.mp4
feY5JrgSpzE.mp4
ffUtqOyJ7fM.mp4
fgoXpih2Kws.mp4
fgIJnjuMyoc.mp4
fgeW0L2acbI.mp4
fh68-PXZ9Oo.mp4
fgQ2HYMl3pA.mp4
fid8KlncwTA.mp4
fjN9Qe237bw.mp4
fk_hkHmnmJo.mp4
firp_OhUMPc.mp4
fklBsM-H7-Y.mp4
fnf7FbZkL6k.mp4
fnPX_0Rs4eE.mp4
fnKOW7tJA1A.mp4
foZ88hBB77I.mp4
fmRio4-6Xqc.mp4
fmtW5lcdT_0.mp4
foFFu7bY5ow.mp4
fpIcr1RaEDc.mp4
furUOKw0Qzs.mp4
frePM0YGtQE.mp4
frbNKAZALzI.mp4
fqFqQjH8M20.mp4
fs8yU4pBNm4.mp4
fs-goyuhTi8.mp4
fvslbZDJ3C8.mp4
fxbEiZrQQzM.mp4
fyxXJJhCGBQ.mp4
fwwo0GsYB7c.mp4
fxgbk_Kk4Rw.mp4
fykq7xuc3zk.mp4
g-rw2Kyh9xo.mp4
g0upuaWM74M.mp4
g17h49EYsJY.mp4
g0vAi9iuVPA.mp4
g4OlXwjgwSs.mp4
g4G1gg-9y7w.mp4
g5CYoFJFkPk.mp4
g49F9coR2VU.mp4
g4uvBcIE1Os.mp4
g7glOdM6BYo.mp4
gB_xHRJY7sw.mp4
gA0m7YUH408.mp4
gA7GpvB10UY.mp4
gFv3PrFkeL0.mp4
gCDpUPvD3s4.mp4
gEYutYXODs4.mp4
gGai6uu5Yjs.mp4
gIhVeU8xbrs.mp4
gIwTydKpIe4.mp4
gIf0VWXI_DY.mp4
gIgim1Dp8HU.mp4
gJxR-KzawO4.mp4
gLfvk2SSj1c.mp4
gLfIPN_WM48.mp4
gKLbdLKEG6U.mp4
gM7JdDs5f4o.mp4
gMLA3a0FMS0.mp4
gSH5ya0pfko.mp4
gN8F0o1baAo.mp4
gOniW-yEZ0k.mp4
gVMG_FHDrvo.mp4
gVixuVE0-ek.mp4
gSkE0KCvves.mp4
gUR1wXosHMo.mp4
gT_8511vwVE.mp4
gUQFX_IydG8.mp4
gSwjTXkXK3Q.mp4
gXffXyAkcHM.mp4
gXk9TiqGUHs.mp4
gXvRxyT5rWw.mp4
gXp3KSWhf1g.mp4
gY0qgtM0Gt8.mp4
gXAMD_KxXII.mp4
gXdFGYPKClE.mp4
gYqXtgtyFnY.mp4
gdYr4E3qobI.mp4
g_AwwSsBj0s.mp4
g_Cz69Q5bKM.mp4
g_bb4RSu6TQ.mp4
gd7SO0TQ-sY.mp4
gbuRv8phs1Y.mp4
gdmGZK_vFAc.mp4
gh0GD6OvLHE.mp4
geuUVSJyovM.mp4
ggyGuKFjdxk.mp4
gdyEfPbUEjw.mp4
gjz9pSK0Y9I.mp4
gl_0jjJBUkc.mp4
gpKYclCmQHM.mp4
gqK_jApRT5E.mp4
gnmtsqvTO_c.mp4
gmnwqOPcOo0.mp4
gsJ953MHtpY.mp4
gpJ7veSnhUs.mp4
gvr1dpCpvhw.mp4
gtAl_FkXdR8.mp4
gwKy0W1xof4.mp4
gt2Sp_iG2hU.mp4
gwZleaX_ZR8.mp4
gwpQuO5DPOA.mp4
gyQ3NBwXhDU.mp4
h-MWdTHW_Eg.mp4
gxJeNdvNzhU.webm
gzVpwbiB9fE.mp4
gzdasX0KIVg.mp4
gxILsv1RTEI.mp4
gzs6VcYc0OI.mp4
h3qKte2gv14.mp4
h3thb-S-3L8.mp4
h1t5QZjERms.mp4
h2xV6mTpUCM.mp4
h4Cf5u1j0TU.mp4
h4SzYWJUqVQ.mp4
h67ctuwV-Nw.mp4
h7iCyiNUxeE.mp4
hDPLy21Yyuk.mp4
hCJTKVzkYFE.mp4
hDb19ih3jAA.mp4
hBjVRKwCUNA.mp4
hFlDERq1ThU.mp4
hHMqyl_Dugs.mp4
hIJ6VTEKji8.mp4
hGziyfXmotc.mp4
hJJas1Zat1s.mp4
hL11sP4Hlrg.mp4
hPJw9_nPo_s.mp4
hPV-Z73KXak.mp4
hRk-3fep5WQ.mp4
hT_4wWPNYxo.mp4
hSlydQ9rJuk.mp4
hRuHqoXEvsI.mp4
hSSHf_c1q5I.mp4
hYAE418i-ZY.mp4
hXSee4C6pyE.mp4
hUynCsek8I0.mp4
hW6aZXhKl9M.mp4
hYRNSJwhVPw.mp4
hchuVbHYK_k.mp4
hbHkS0GAOLE.mkv
hc4DBHpRuGM.mp4
hcFw88RcAbo.mp4
hZ0jI9U5Nws.mp4
hfBTv5b_Cok.mp4
hfk93bEIjwc.mp4
hfZQBDePOOE.mp4
hhk7A9gJcu8.mp4
hghdjiQlYko.mp4
hgLDMHCcw4k.mp4
hhQ1Xbytds4.mp4
hiYPv3MrrUw.mp4
hiVs1hNyPpw.mp4
hj7rkE0fPsE.mp4
hiifjzLG8Io.mp4
hltWAq_Odxk.mp4
hi4aLY1ajTY.mp4
hlvs-e3bCq0.mp4
hjuvoK5En4s.mp4
hmb86jpgWfE.mp4
hpZ5XnuiRPw.mp4
hokqvyeqhmg.mp4
hmPeCPjaxAM.mp4
ho8cKYrtufU.mp4
hoyQ36EH1a8.mp4
hr8zkCXbTTk.mp4
hrwcr7BxS5I.mp4
hryx3zm06U8.mp4
hu714U34avg.mp4
hsPepNAzu_Q.mp4
hsJct3UsbAs.mp4
hsI_BHN5h_0.mp4
hwGvU9Csz98.mp4
huUb8mM5fv4.mp4
hvy_V1EWKEI.mp4
hz3n1wrXYAc.mp4
i0Z8I2WCLNk.mp4
hxbp-zM5JPQ.mp4
hzpFVURhKwo.mp4
hz0W27EwjQ8.mp4
i0AsepC37Sk.mp4
hzuQYOG0a_g.mp4
i2X7z9ywHV8.mp4
i2dFL7sGf9c.mp4
i1CVl-0-gJE.mp4
i3DJXbrg0vk.mp4
i49blayQ93Q.mp4
i1PpX1IOcIs.mp4
i4SNM6xSLI8.mkv
i4yQ54eWfy4.mp4
i4SvqrGYH-Q.mp4
i5-OVkjT0nM.mp4
iA8ylJWzzVc.mp4
iANrLcieixM.mp4
iAIl5eawd6I.mp4
iAQY-FHckIM.mp4
iAPv-QSvZF4.mp4
iA2Q4t-o58w.mp4
iB20nDf5yJs.mp4
iDMzTPfELoc.mp4
iEZgExTrv70.mp4
iDhzxzLmwoI.mkv
iChE4EoYG6k.mp4
iBz_YrU-T80.mp4
iFA1XhZ6VM8.mp4
iGax3fokst8.mp4
iHm8ZXs2XdY.mp4
iEaiLh3GZA8.mp4
iFJaqDgYsp0.mp4
iHO42zwYsu0.webm
iId8WcbiKZI.mp4
iIVOAvu3qtM.mp4
iJWmjVjBNzE.mp4
iL5abexk3vQ.mp4
iLHVaeiPpuw.mp4
iJqLgrShN-w.mp4
iLaye6q55qk.mp4
iOa_svsqGxQ.mp4
iMwLP3y0VcQ.mp4
iMATWwGyAUM.mp4
iN1DEIADG9o.mp4
iNs17kcwlDk.mp4
iMB_mb11KWM.mp4
iSIzuN9cEAs.mp4
iS_ms9ajumY.mp4
iSJ87SnNLPc.mp4
iUGuDzgow2I.mp4
iUMDlxU14bM.mp4
iSH43hQoxio.mp4
iRwRwpVLE_Y.mp4
iUVz4A5oblQ.mp4
iWSKl7vOd2s.mp4
iXaA7PVRhIY.mp4
iY7bZQnHXlk.mp4
iXF01UxOtLI.mp4
iZUwLKd5TTk.mp4
iaXlCCgLBdo.mp4
i_16EfqIrFg.mp4
iZk3PH8ghlI.mp4
i_tMiGS11fs.mp4
iaKlx11RAiY.mkv
idTzZaMtGy8.mp4
ibWb6iRQiD4.mp4
ibjvKk93__g.mp4
id4XtnLsw7c.mp4
ieWgalZPc2g.mp4
ibKFezOKsBQ.mp4
iddZ6YIWLWc.mp4
ijChwOwYDWc.mp4
igrjxhf0XyY.mp4
iiqaJGokpEw.mp4
ig867kFeLic.mp4
ijSmiDjlmlU.mp4
iiQQ8xZvZok.mp4
ihdkXBpzKbE.mp4
ijgLl3PHHE0.mp4
inFPa4wxOwQ.mkv
immCYvN8pwQ.mp4
iq0h4m3I8hY.mp4
iosb2TdQ7yY.mp4
isUCIXYjOXE.mp4
ipcvgAb5y0U.mp4
isGfZVCL4gE.mp4
iuQHLWWhSEY.mp4
iubDO1DSMZk.mp4
itgR5a-hH_o.mp4
ivkF2jbavhc.mp4
ivWTI2J_UnY.mp4
izZqZFVpW4c.mp4
iyOyZJm7fVU.mp4
iwMXYbYyJy4.mp4
iwhejKH3DSw.mp4
j0JsoWxrGh0.mp4
j18sB8o2IQw.mp4
ix40OdQd7iE.mp4
j46ll2_jR7k.mp4
j1XZ3FA8EYY.mp4
j2ESEJmy7aA.mp4
j3QSVh_AhDc.mp4
j4-w606GnYw.mp4
j4iaeT5xIdw.mp4
j4Ru2L4u0Qk.mp4
j55LAXY-T0E.mp4
j56eH9M0ObY.mp4
j5mhELw7XaM.mp4
j5M9l0qxwnU.mp4
j6HDZh7W6Z4.mp4
j6zAdpBqRu0.mp4
j73Wh1olDsA.mp4
j7hSNqcWIO4.mp4
j7fPZQE3-fQ.mp4
j8lH0saRXl4.mp4
j7vUMNMB4Yo.mp4
j89l589KFrg.mp4
j8i-9T0UeRQ.webm
jAk-vBePtTU.mp4
j8NwT9JBQJk.mp4
j9QPrMZuegY.mp4
jA05XIX7Yh0.mp4
j7Tk8I_DCtw.mp4
jDL2tRtoxN4.mp4
jDfTrTtPs5s.mp4
jDeBuorU4hY.mp4
jBFn08ZRKSE.mp4
jCB1EC3RzWI.mp4
jF33TElZc_Y.mp4
jExOw6W1I3E.mp4
jHXqbgeq83Y.mp4
jEppv00aBBc.mp4
jFZRNe7xFY8.mp4
jLcYOkRvdic.mp4
jM3Buw2Kidk.mp4
jNJnPpIvtTU.mp4
jPaeFy4Phz4.mp4
jQR4Hhaf8o8.mp4
jQHGyqk21GI.mp4
jQVT4u6NojM.mp4
jNPOEMYJlgc.mp4
jNJg1TYq3c8.mp4
jUmfhYsA5r0.mp4
jRfTdoqG7Tw.mp4
jVoj7XaUoU8.mp4
jVC3DZdphYM.mp4
jRXF5_vNUWE.mp4
jWPr92KwXeY.mp4
jYyN-nJcm0M.mp4
jYU215e-dKg.mp4
jW1isCO6MYk.mp4
jcQy1x8lDaQ.mp4
j_YzK7aHTIA.mp4
jdz4PzF1pO0.mp4
jd609r5yKkI.mp4
je5KvCND9xo.mp4
je6wJ_Ky5wg.mp4
jeaaS1NK_d4.mp4
jelxK3R-heg.mp4
jfhKC2WFDTo.mp4
jimvzigX1ak.mp4
jherly5DNjg.mp4
jikOPvJPU-c.mp4
jkaevzzYdP8.mp4
jkay2K3RA1M.mp4
jl7aBkPfcS8.mp4
jmerKGN0VPs.mp4
jmSrbVNKF6U.mp4
jmxzDxfSbZM.mp4
jnOqi_9KJiE.mp4
jpclX7wgcZU.mp4
jpWevi1HBYo.mp4
jprf0pE-4uI.mp4
jr7JA5eKkwY.mp4
juLxWt_3omw.mp4
jwndE_xn8sA.mp4
juiMCvZUYwk.mp4
juIOpLYnW64.mp4
jzVxdBzCuoM.mp4
jxk6KOLu5kU.mp4
jzCnWUUUviE.mp4
jzNdWjZm92s.mp4
k1aFJ-F8xTs.mp4
k3oPZS_Id3M.mp4
k85EQoiLckw.mp4
k7MXH55q28U.mp4
kAQML4pRtck.mp4
kCb2Km85Yn4.mp4
kBh_98QimD4.mp4
kElViDpjunQ.mp4
kGvs0Nv5zJo.mp4
kHBTnFweJfw.mp4
kFP91VjB1AI.mp4
kNAgK0nC9Ig.mp4
kNUpypAppjk.mp4
kMRQmijCc5Y.mp4
kPM3RAn0Mk4.mp4
kQ7ensWEW08.mp4
kQ4rE7o6rrg.mp4
kRom61pt8zk.mp4
kPnqo24kemc.mp4
kSdWy3subNE.mp4
kTBEGydNpgg.mkv
kShrO0yutUQ.mp4
kTf-Id-lWX8.mp4
kU2FVf0ldx4.mp4
kUQ4bTeoG-Y.mp4
kW63TeJo4JY.mp4
kWmf0_XSfBU.mp4
kW4ajodPtWU.mp4
kWN4zFblj6o.mp4
kWtY5wkkAMY.mp4
k_ZXmr8pmrs.mkv
kZB7yxzHOrA.mp4
kYkwA_lvqYc.mp4
kXbc9D0sF5k.mp4
k_7hLIwul48.mp4
kXvFkU7gQSM.mp4
kbe4iowYMqM.mp4
k_xDTGiDp9A.mp4
kaRZaCGzNzw.mp4
kbdBKIWKOWk.mp4
keaMf0raxF8.mp4
kfwwya1qzXM.mp4
ke9gaIRnaEo.mp4
kfiF8A8g7UE.mp4
kh42ufAYMZQ.mp4
kdfJW8YV378.mp4
ke3R1rOeQzE.mp4
kgvbU_3jEy8.mp4
kl4vLrvGAmM.mp4
kj8L5yu-fGs.mp4
kl7qwEgYLZU.mp4
kkIClKG5xY8.mp4
kkcTQHFNXAg.mp4
kl9xvnAKfdE.mp4
koEfnIoZB_4.mp4
knnQ99kDt8w.mp4
ko89yQozE-4.mp4
kpAwQpA1nPs.mp4
kqzIDPXbATw.mp4
krFle3KU4Ts.mp4
ksKlcjeIBi0.mp4
kt3hzGla8r4.mp4
krNVpENNPCM.mp4
ksvK_P-Eas4.mp4
ksNvNH4fpdo.mp4
ku65ME0vW8s.mp4
kuMevlNUDCs.mp4
kuJO1VapxuQ.mp4
kx0ZSPOOFJ0.mp4
kuv1yEeNQzQ.mp4
kyafh7Ownao.mp4
kwaCAq-9LnM.mp4
kxfOrs5ZWkw.mp4
kyObhFkHrak.mp4
l0btLzdAeuM.mp4
kyvxaxRFLG8.mp4
l-PDSOCk7z0.mp4
kzbQWKUMyS0.mp4
l-gHWS0oXiw.mp4
l4UJiGsZVfE.mp4
l4LFSd-7hxU.mp4
l4C-l6XeNRc.mp4
l2drIA62T8w.mp4
l3EBfLkfAX8.mp4
l2MB-KxbVEs.mp4
l5QQ1vVctOo.mp4
l7gWFOa7FnI.mp4
l9HcwQPNvWo.mp4
lARaqx1e7wM.mp4
lCIJJgxTs2U.mp4
lDJpGI4BZ8k.mp4
lAsPxkZD6Xc.mp4
lETAKUG4pQw.mp4
lE3Hs4bsPhg.mp4
lEGetBydfl4.mp4
l9o9R7UcPuc.mp4
lBhNeACY8y4.mp4
lCX7y_KAihU.mp4
lGKUEUBeo8U.mp4
lGESoAdgps8.mp4
lI6h3H4Zs98.mp4
lGWAepvduTI.mp4
lFlQ_xWVt8M.mp4
lG5d8bCHLM4.mp4
lKi-hl_KGJ4.mp4
lL2XqxgNIeQ.mp4
lL-YnWr815o.mp4
lKSlIMfWZXI.mp4
lLHAzwAs_9I.mp4
lKKimizxQJM.mp4
lKDTjsH9XtU.mp4
lM4FQ_FqEhQ.mp4
lOtplLrtapE.mp4
lOCw2uO3UK8.mp4
lQWij22wbNU.mp4
lNvX6h3o4EA.mp4
lPCl1ZYH2xI.mp4
lAN2pe1lW-o.mp4
lQUqzLT7bl0.mp4
lRB6XvAm_FU.mp4
lU-PEm5L5EU.mp4
lTDkfbr7znU.mp4
lUds16WLsHI.mp4
lSTqYESahrY.mp4
lSgkR94_h8Q.mp4
lVu-4SKcb4c.mp4
lW4OZ8eP3ns.mp4
lVOBMs6op7o.mp4
laKctaVegPg.mkv
lZcTesK6CfA.mp4
l_T3zfRQhic.mp4
lZ6zN5Q447M.mp4
lbtW7nHTnwA.mp4
l_KhWbeZeRA.mp4
laeOL4ipHck.mp4
len7R78v5NY.mp4
lc-piYwzqsA.mp4
le0tJsyuPks.mp4
lcEGoZAC7GI.mp4
le1aEgEms9Y.mp4
lfH_S2LTEXA.mp4
lfllVwgOWBk.mp4
lgB0Ynn38-k.mp4
lh8ths6sKAE.mp4
lgu-DBDWlEs.mp4
ll91M5topgU.mp4
lneRTkBTPwg.mp4
lnHdEtuXU8w.mp4
lkC_md7KKq0.mp4
lrlUN65DM8c.mp4
lol04SNoopE.mp4
lq20hEghHtU.mp4
lviFcaF4HUo.mp4
lt--z8nFIT0.mp4
m--b-Ltjm_Y.mp4
lyJpgvmTOpo.mp4
m-B1tlnywNY.mp4
lztbD1NRU4M.mp4
lyjz4sNglQg.mp4
m16Cn9VA3Lk.mp4
m4EcgRjCpi8.mp4
m2hiQ9EOUUI.mp4
m5NK0eErs90.mp4
m5PO3T2uGzs.mp4
m3yLm_dJU94.mp4
m1aF1CVo-s8.mp4
m6C4SOxfNGQ.mp4
m49gj6Y6SDo.mp4
m6H1tLAkyjQ.mp4
m6yPz9fHJnY.mp4
m9CbLJdYqHw.mp4
mC_8ckG6WpU.mp4
mBnLy9ZgMkc.mp4
mDaZqz7lB0o.mp4
mE02JHvCEUM.mp4
mDvWGOr_sws.mp4
mFWRIp164r4.mp4
mFDC1CLt6B4.mp4
mHVmDOxtVt0.mp4
mK3keyPMe3o.mp4
mNM01g9wLy4.mp4
mIC02-VKqUE.mp4
mNM-JUC7ZEA.mp4
mKm75VWThAI.mp4
mOISOUKHpNM.mp4
mRbqt5ugQSE.mp4
mRgS35iyhYE.mp4
mO1T8zhIliY.mp4
mSyfGQigb8U.mp4
mUyMYnGXKgk.mp4
mShwD_I43ao.mp4
mSonugqhYuE.mp4
mUsjm4oBBvw.mp4
mV5DfYFg4H0.mp4
mWNTl9Bh7kI.mp4
mZ1Di2gg-I4.mp4
mYHezmI0U6U.mp4
mYfo8LhPB5Y.mp4
maE7PmL7Zjk.mp4
maHLwXvNN3w.mp4
m_gr7WdjJmc.mp4
ma9R2AjCRZE.mp4
mbB7UFoTwpo.mp4
mdu7eHlbDwc.mp4
mbGpp_nDwI4.mp4
mf6UsZuW9Nw.mp4
mfJj5gBQg-4.mp4
mg0n3DNtUZU.mp4
mh_0QLZhrSY.mp4
mhYFpct97UE.mp4
mglEC2-MH14.mp4
mgNfayAiTQc.mp4
mkEME_iWi9o.mp4
mjKcoY18QG0.mp4
mk3srKjFB3A.mp4
mlNP3uaTB3Q.mp4
mi6f8kGVR70.mp4
mkwCGf92vqo.mp4
mj0lRelI0xw.mp4
mio5dnRbo4w.mp4
ml4aMGCJgP0.mp4
mkK9iEzRrqQ.mp4
mmRpNwb0NZ0.mp4
moUL_qLnNDM.mp4
mpC_UTM1tWQ.mp4
movzxpiGX8k.mp4
moGDCWEoaK8.mp4
mo8CBVntUjE.mp4
mmgoptOJM0s.mp4
mpFNy97oV0c.mp4
mpLYUgMhacA.mp4
mr2wnh2GwL8.mp4
mqwC7rqeXsk.mp4
msiX-xky6Ac.mp4
msELZwMnoFo.mp4
msd9vrplD-I.mkv
mucFmOzqWW8.mp4
mua8hNPuQHw.mp4
mtSJG4q2vP4.mp4
mtU66vCjVVs.mp4
mwDQENGsvd8.mp4
mzVJHw9Jrb4.mp4
mzGbmHjdCM8.mp4
mzbhfWgJ2sU.mp4
myHHyzx6TPc.mp4
my9Z4bun_Dk.mp4
n-BJ753InB0.mp4
mzewLmZSCMU.mp4
n1iu-AlcS-Q.mp4
n1yugby5jC0.mp4
n2wq_9TeNYM.mp4
n1NqFiDdlEU.mp4
n3MGZcDHr-U.mp4
n25mDmcBC6E.mp4
n2L9F6cMNaE.mp4
n4apOkL24BE.mp4
n3v9Znovl98.mp4
n41Ypwpn-P8.mp4
nB90Q8sTBgE.mp4
n9TuUTNpKwg.mp4
nB0JECwGK0c.mp4
nCzB1iXKYk4.mp4
nB50V0OBto0.mp4
nDo0nfs9Ee4.mp4
nEOpfvJ7g_g.mp4
nEj34gf508E.mp4
nDJgThY8zi8.mp4
nEmuDmbOp1E.webm
nGABbRHJ2Ug.mp4
nIymjHWIz7Y.mp4
nHwqBo0xvog.mp4
nKBjM-kdeeI.mp4
nKPkHO9ajs8.mp4
nI_XzNfxjlY.mp4
nIfYhQHFWZI.mp4
nMiXX2jqI40.mp4
nMFEEBtIu-Y.mp4
nNldj5g7W5o.mp4
nKn2uQTVo-U.mp4
nLdRqOTb0Ik.mp4
nLAm7USuYbA.mp4
nKa1e_CpvoY.mkv
nQQ-tcG6wBA.mp4
nS9PgniAQAE.mp4
nWpFumm3Z5g.mp4
nTkMD63Wj14.webm
nUoN18FTeug.mp4
nVHL9qP11aA.mp4
nXNczyQpljQ.mp4
nX-GvQmf5Tc.mp4
nZ40a3LSFeU.mp4
naCGjbEz1T8.mp4
na4vSFfVi2s.webm
nbcRj00xCKM.mp4
nc4twXSueZo.mp4
n_sfeihU3f8.mp4
ncXZIWMNKZQ.mp4
n_9skH6xGeM.mp4
nfIM66dU_J0.mp4
ncgzVLi_hlI.mp4
nfjIQXyL7_Y.mp4
ne7uJQ0MUtE.mp4
nezTU6Bq5hM.mp4
ndJqptBTxAY.mp4
ng14GLT_hHQ.mp4
nibek2g971I.mp4
ngxs6ngJR4k.mp4
nkrA8sJydF0.mp4
niqc-dW54ic.mp4
noKDv_a8u-Y.mp4
nqB4Zn6UWdk.mp4
nqbYEJlRwoQ.mp4
nuaTROuaZPY.mp4
nrh2jDsmeLQ.mp4
nrvB8pcrY7o.mp4
ntS2PA5YWuA.mp4
nw32dno_RcM.mp4
o-RbNz6gD5k.mp4
o0cVs7THLi8.mp4
o0gdMKlKLcU.mp4
nzjivjnk2Ac.mp4
o-aSCtwxsTw.mp4
o-BGGr-DU5g.mp4
o4z1nEiyr4E.mp4
o3Nuqg4w_b8.mp4
o3yvGAz5IJ8.mp4
o67-Z8n-jEE.mp4
o8ja3mhecQI.mp4
o8qR72Ymru8.mp4
oA8ZUG1y4Lc.mp4
o9ghRI_Iddk.mp4
oA_uJ9gLvUQ.mp4
oAJlaJ8xcwY.mp4
o8-v0rPP06U.mp4
oCicjtc1t9Y.mp4
oD0RWEO8D1g.mp4
oDZlW0OgEgg.mp4
oEDBkmmVKM0.mp4
oFc4uYTxEqs.mp4
oEC5UG-rBFc.mp4
oKauZV0DHHk.mp4
oIEDMaMo7UE.mp4
oNo8ZpqE_6k.mp4
oO1g33vi4hg.mp4
oQuAwR_t5Ig.mp4
oS4w7-0aH8Q.mp4
oS7Twj3Pou0.mp4
oUdEoaKDHpA.mp4
oUQPIZu5bVU.mp4
oVPFTkC4-Lc.mp4
oY22VETX20w.mp4
o_-a7AMw74M.mp4
oZTFplEHVDo.mp4
obVMUmZQW_M.mp4
obUkL-Ya8dE.mp4
oSDHYvvYo5M.mp4
o_JAjYZDs9Y.mp4
oRtMsdNQ1LE.mp4
oNpkjfX2rTc.mp4
oW0G_C86fz0.mp4
oNrWO_VQQbk.mp4
od1jHUzgrAU.mp4
odbjmsyfJe4.mp4
oc4v7GPk05c.mp4
ogOrhXUgna0.mp4
ofZURf7w9wk.mp4
od9EdcDcByA.mp4
oey6DFvL9Xk.mp4
odMI0DGsn7k.mp4
olBh9KMAHMQ.mp4
okSvWjK0okw.mp4
okvQJRTfGHk.mp4
onFddYAkyyc.mp4
ooCciCGrdcA.mp4
op58Lalekrk.mp4
onBAyGhqubg.mp4
oobYvNJU5ko.mp4
optJ47P_5Ys.mp4
oqVNFPUANfs.mp4
orwTrxIwCpo.mp4
osjru9UsWsI.mp4
ot-Y1sa-ujc.mp4
otq24Pdm3sc.mp4
outMi06JZss.mp4
owLv-_CPNJI.mp4
ow9bWn5gOvg.mp4
otWTm1_aAqI.mp4
ox6cIfguQ00.mp4
p-vfyM7ew04.mp4
oy1XjDer7o4.mp4
ox2AGCcE9a0.mp4
p-l6as8o1f4.mp4
oyLTgy93soQ.mp4
p0menuS7Mlk.mp4
p1gH8y8X0kA.mp4
p1fpQ4yR1co.mp4
p3PEMCN4h_g.mp4
p3vw2UJvLZE.mp4
p3vqC_FFyyM.mp4
p42wxuN8MZE.mp4
p81NOkb2rww.mp4
p5Ynl_rGoEU.mp4
p8MvTi8hJdE.mp4
p8UOE62POAE.mp4
pBaeRTgaNBM.mp4
pCUun9uE3h8.mp4
p9hJmlWGvFI.mp4
pCWlZ37fGEo.mp4
p7j6yY99vEg.mp4
pHhcYS_wPys.mp4
pHiulmPx7ek.mp4
pGKTRM1vcfw.mp4
pIk9qMEyEd4.mp4
pIk_bbjCNDo.mp4
pLVCuSq560Y.mp4
pKFBr0pMn7I.mp4
pOVICBn8QMw.mp4
pMDFkrK0KRc.mp4
pPM1jC_NlzI.mkv
pMVo7PaXD1c.mp4
pMmlJGSucss.mp4
pSWcVR96xlc.mp4
pSp7zYRYjHE.mp4
pQsk5XPTLoY.mp4
pUIicfDCZC0.mp4
pRkJ_9zq16A.mp4
pTmlOZY0e4c.mp4
pX-ik8n_eNQ.mp4
pWotXONgXtc.mp4
pXyT_AybrQ8.mp4
pYvqbfVY-s8.mp4
pXcFBfv5Sf4.mp4
pb0k7YrMwZY.mp4
pc5_pexVob8.mp4
pZxteNqdweM.mp4
pbz8c7TAlDs.mp4
pem8BpCspUM.mp4
pf49xhMRrgQ.mp4
pev7rvOE8eM.mp4
pe0MhPhhVIk.mp4
pgff9mC5y3s.mp4
ph7d2H77tks.mp4
phg81-nhqH4.mp4
plE3KNmuwj4.mp4
pi6sBUrSNGk.mp4
pk7LcugO3zg.mp4
pmlK-IV4vko.mp4
plMBtIbzX6w.mp4
pnFRC2_HPrE.mp4
pniQHSjY7dc.mp4
pnEYhDVXVJ0.mp4
pnxgTQofPQo.mp4
plhiqYw0P_g.mp4
pn41XETdQB4.mp4
pouxwDABDrg.mp4
ps0a-GGomX4.mp4
prqwtY9cn6s.mp4
psgIH8U1adg.mp4
puPMvwv2kmg.mp4
puK4NxGKNdQ.mp4
py26bxAfOEg.mp4
pwKZRo19Vf0.mp4
pzkwJYJol7o.mp4
pznmOdbp7E0.mp4
pwaSQyDNyWs.mp4
q0KrlywYHM8.mp4
q2KR3lzTrq4.mp4
q4Oy6EDTJiM.mp4
q8-iXvYyCGg.mp4
q5tYHwZLRYU.mp4
q6sLCLnTuik.mp4
q81H-V1_gGo.mp4
q4QPF-qNBTY.mp4
qA_KTu8oTW4.mp4
qBqUu4_qOnU.mp4
qAZStAHJ3CQ.mp4
qEU4vKowVo4.mp4
q92zSoMudWU.mp4
qJ4ObH27qjc.mp4
qH3HnhEaeok.mp4
qI1ZayfiGHI.mp4
qGID8CHyClA.mp4
qHRCGBIiNFg.mp4
qNxLTF4Q6yk.mp4
qKG1mU0Feug.mp4
qL7kMgxpFJY.mp4
qNHfEf72V3g.mp4
qMJi2nXWOkg.mp4
qN0a8-A-5Pg.mp4
qNE6ju5dRc0.mp4
qMj2sCoRHqY.mp4
qRI4UJ2HR2g.mp4
qTAG23IVSeM.mp4
qRPq2PEiyM0.mp4
qUFPq8D0jMc.mp4
qVuRcevXgMk.mp4
qXNYHbnGvto.mp4
qXD7myRvw0M.mp4
qXi05KUFOSk.mp4
qW926_opnTE.mp4
qY7LG7r_IA8.mp4
qaB0igbuKuQ.mp4
qZk7okgCU2M.mp4
qblFXnyqf1o.mp4
q_nBBJS-eJo.mp4
qdE6dbQOnt0.mp4
qenGkKGoq6o.mp4
qeYKXF8tsp4.mp4
qcsGJTJstZ4.mp4
qeyFjCAA_dg.mp4
qiRrR2Nj2SQ.mp4
qjacthwabek.mp4
qhYQd9nwOts.mp4
qgasVDGUw3E.mp4
qiT-OtAHtvk.mp4
qhnWJ4G5JMA.mp4
qkk2tK19sx8.mp4
qmKSDwVvxVk.mp4
qlqF8K072UU.mp4
qm8sJxsZ5VY.mp4
qmlohhdz784.mp4
qoS5nkk7Rgk.mp4
qoVYcplxgFE.mp4
qokr0bO828E.mp4
quoyW7FZqdI.mp4
qsYElirHVUU.mp4
qr5vqi5tTL8.mp4
qs_VoH8fOhs.mp4
qrvPTE0kb5U.mp4
qxmrH20IA2Q.mp4
qwxmpiaT-kk.mp4
qy-LbstiMYg.mp4
r-iXUXMP4DY.mp4
qx1FNJxiUuE.mp4
r-_JFgDJRrQ.mp4
r-BJYixThME.mp4
r015El3onHw.mp4
r1mrueEHDDE.mp4
r1y_ASZDdEo.mp4
r46Vy3p19a0.mp4
r6z6Ct16I_8.webm
r8AXq1Q5bn0.mp4
r64pATF3vCI.mp4
r8DXz1FOb90.mp4
r8hXEpP7HH0.mp4
r5mwKEhEsHA.mp4
rAO-_VxIJng.mp4
r97vYbzloD8.mp4
r9eXOf4hvCE.mp4
rBJBnf4F9sA.mp4
rCmpRDbS_O4.mp4
rCSFBiXxbVs.mp4
rDT4ngAfeHs.mp4
rDxEl9bPodU.mkv
rFM3OUUL5fI.mp4
rFTVKkMqpIQ.mp4
rIr091-LMGY.mp4
rKtktLDSOpA.mp4
rJpFVvho0o4.mp4
rNb4Jz_t9F4.mp4
rMZtiiLAqoY.mp4
rMy6sItJID0.mp4
rMWCaPh9UqE.mp4
rO9SwC42Goo.mp4
rQZIJBinOsw.mp4
rRSTE1EsAUM.mp4
rRkwB9EcEMs.mp4
rSxO9uspxT8.mp4
rXgC48CLncg.mp4
rXgxlwrRFTg.mp4
rWdXyKZnL2U.mp4
rWQz-EwA4EA.mp4
rWDMssiL7hE.mp4
r_jey4tT7zo.mp4
rXwSSTGmvb8.mp4
rZu5ZJmAlbI.mp4
rZGxJN2AOQY.mp4
ranTpEJvqs8.mp4
rYcac4QmSms.mp4
rbKPBMRj9jY.mp4
re4vD9S8ThA.mp4
rcDw6If4hjc.mp4
rdkPwRWW91s.mp4
rczR9C00KOM.mp4
rdkrg8Bj9_I.mp4
rgAALWYnRrg.mp4
rfH9VLQAuwY.mp4
riuJrZqkYYU.mp4
ripbruSSD8w.mp4
rmzMfd9ftU8.mp4
rmoa-Ffel2k.mp4
rprQvEVVpIc.mp4
rqmi-DjYp0U.mp4
rrKGM5hck1A.mp4
rqnzzNYt2cE.mp4
roavmdw1ORo.mp4
rnhtmtW_a8o.mp4
rrc9Ph5juXM.mp4
ruNII4WvE3k.mp4
rvcSqYeUZ9s.mp4
rzm4V_McRhQ.mp4
rzIaKwWJDZI.mp4
rze0k4LklN4.mp4
rwxSphRRIL8.mp4
s0swzu1jIpc.mp4
s0N0PzdwVik.mp4
s0-xTG38cPw.mp4
s04x6lhUmtY.mp4
s1YjWVUu6pM.mp4
s2VpBgSWIPg.mp4
s4Ryxk3TxKA.mp4
s2ra7HNzIF0.mp4
s60we-9PBhw.mp4
s56ctLdnOdw.mp4
s5QkiA-w5YE.mp4
s5y4xXcphcc.mp4
s69uPXLvzIg.mp4
s43eZJ0hy44.mp4
s9MNW35YCMw.mp4
sARnRvNdl-Y.mp4
sAAARH12tdc.mp4
sAi1aMHR89A.mp4
sC7xUkNTpP4.mp4
sCxGclun1E0.mp4
sEGceBU8icE.mp4
sCj-ME5RkLY.mp4
sGUkc9ajgiU.mp4
sG3JpMuXFnU.mp4
sGFbsMKkoYs.mp4
sGwra7t-ARo.mp4
sGGnEgCnEt8.mp4
sF859t5osSg.mp4
sIzcPVbn0lg.mp4
sMVf7HDvsEc.mp4
sMITf5WBIxM.mp4
sIYRsGZm2XY.mp4
sODu6d-3zAQ.mp4
sQwx_m8Vghw.mp4
sP416nSD4xQ.mp4
sPSfixKrDc0.mp4
sR3_5j8pUdI.mp4
sSVG3g2iKL8.mp4
sS-KyhAzeUY.mp4
sVDRluetSyg.mp4
sRol1BJ9EUk.mp4
sVT71OQjHE0.mp4
sVma83g_wmg.mp4
sY31L_r7dsk.mp4
sWQ65uwxXbA.mp4
sWtwatYMbX0.mp4
sZRUTtoxY_s.mp4
s_XdqaQj0uI.mp4
sZ95YHZtVCc.mp4
s_VFaQTlskE.mp4
s_QH-5G33Fw.mp4
sa5ZuxFDZNw.mp4
sbIh_M0oGs8.mp4
saB1t3Znhk0.mp4
sc_L4zUEb7E.mp4
sahQxLbmM0U.mp4
sbr3HKm2Y9I.mp4
seQE5VZt3K0.mp4
sf77PM1CtNQ.mp4
sgFp3HCSgCo.mp4
sfT9Siql3P8.mp4
sfCfrWpHpu0.mp4
scwBQj4GE7Y.mp4
sdR443ncw-I.mp4
sf2zGT5nN04.mp4
sgUMHHuAhZg.mp4
shBiO7aGy6k.mp4
shGGt9TRlkk.mp4
shpZ47Mvxfg.mp4
siGEHA6fs80.mp4
skIP_U4EYDQ.mp4
slHv7r8A4OI.mp4
slQuWp_rMTE.mkv
smh90DBXsBg.mp4
spJaetMCD20.mp4
sqcJOpPrexQ.mp4
snvSHNYvRks.mp4
sq0cKsoX7mg.mp4
spZ_RrpyNJw.mp4
ssktVpcv9WI.mp4
ss6XN-JP_x8.mp4
stVRtmxHVaE.mp4
ssBiSN8XofA.mp4
svG8RyP-OlU.mp4
ssHXm1LqovI.mp4
suL3ZeuQ3DA.mp4
suxZhXSVNKY.mp4
suyh4tGuScw.mp4
swkSdgwCxHs.mp4
sxQbiXWFdKs.mp4
svWiQtzgtOc.mp4
sy-xNiKnfBU.mp4
swmNnPkPBek.mp4
swbCsf51XVg.mp4
sxQ9H3c5bRM.mp4
t0XM3ivJYUo.mp4
szl1InYab_k.mp4
t-8wEopB3AQ.mp4
t0ZuC58UIOM.mp4
t0y6dkIwEvc.mp4
t1U8fJVEztQ.mp4
t1-GV2bAL4I.mp4
t6f_O8a4sSg.mp4
t2DdSm_MGXo.mp4
t3eRbi1Uk5E.mp4
t1urvYx1X_w.mp4
t3dHI5TeY7I.mp4
t3wyR2VQy20.mp4
t6d__c9sIUU.mp4
tAWTfutrwg0.mp4
tBFX7g605Go.mp4
t9j3GNVm8jw.mp4
tBGeBbO8gh0.mp4
t7J7SugZPlE.mp4
t97xM9sY2yg.mp4
tAbB24pczrs.mp4
tAEGMVLn0wk.mp4
tBNOJJx4Z9k.mp4
t7WI6H6UVG4.mp4
tAgVokWkdnQ.mp4
tF4Tl56ntnE.mp4
tCfu0LplM64.mkv
tCQiu-qY9XA.mp4
tFiXLhbKdnk.mp4
tFjGMdff3WM.mp4
tGHLUWWm_zU.mp4
tJ2xOG_EWOg.mp4
tIbSsad0z9U.mp4
tN1_lOJlUlc.mp4
tMTvOaUYNeg.mp4
tMM166j4YEw.mp4
tOCFOu8eOkU.mp4
tP0viuKibJU.mp4
tOVv0cAyjcg.mp4
tS2d90ZGmeA.mp4
tScqYRQ7zyo.mp4
tUCGJk6aSeg.mp4
tXLvsYsWCoY.mp4
tY6UFSLtIoE.mp4
tTkavaWq0QM.mp4
tZswexUR6Q0.mp4
tVC_5_SgseY.mp4
tTEAlDsmZrA.mp4
tXuNa_h804c.mkv
t_Creyg6ANs.mp4
tZzse87ICr8.mp4
tcGO-GHcQIQ.mp4
taOJ9kUiwgM.mp4
tb7s5a1H-IU.mp4
td15Nx9J0a4.mp4
tghS4UnuWzk.mp4
tfPm9xAZ5z0.mp4
thhFfqcOfJQ.mp4
tfepV4CXF7c.mp4
teIE_kXbMiw.mp4
te5xo60oVZM.mp4
tj0sI8M3tro.mp4
tik7rHU_DM8.mp4
tlgEi4bU9Fc.mp4
tjEMbP2SODQ.mp4
tnB7LNIcXC0.mp4
tnt6Wpv_kHc.mp4
tpDhYD9e_cU.mp4
tm_CL7A0W4M.mp4
tqqWTxQ5-kY.mp4
twJ2uE1GS2I.mp4
trl-RCWyhb0.mp4
txsupdxCToQ.mp4
txyXUXWybt4.mp4
tz3zHV1Z5po.mp4
tzwIHzuzG9c.mp4
twrPZghmNtA.mp4
u-X4YO91V78.mp4
tyuyI30cZ00.mp4
tznMNEWglxY.mp4
u-yFENQQxAo.mp4
tyjUDi3uLd0.mp4
tyeLIzY0MJ4.mp4
u1VIetb75rs.mp4
u02UsNRxclU.mp4
u3XYsINR-y4.mp4
u3uYs6SZFKo.mp4
u9YrRYp2t3I.mp4
u8ykXBc2Efs.mp4
u5ri43qbi1A.mp4
u7OvguFW-Hs.mp4
u2329Chp6IY.mp4
u9aFICSj7zw.mp4
uBls-XJdcBs.mp4
u9ec3Exc5mI.mp4
uBPWqgUiQWA.mp4
uDmEOkAXTfo.mp4
uDlyfvy0NOs.mp4
uBmUiouilQY.mp4
uDpLB-JDjEA.mp4
uElCsF1fOgE.mp4
uG_G4g6ixms.mp4
uE9MHR27_gc.mp4
uF9othvTXn8.mp4
uFhZhnlYKRw.mp4
uG_hgODoDes.mp4
uJ_QCxMDfag.mp4
uJZFC7gHZGI.mp4
uID_HFDKFKw.mp4
uJuGXnGqozs.mp4
uIOIcv5MhuA.mkv
uLeJBFypCHE.mp4
uKzelWWaYB4.mp4
uM3RiCL0g2U.mp4
uMGfCaGMnEE.mp4
uOk4EFDsDP4.mp4
uQDTcusxDCg.mp4
uPqp30C6MDE.mp4
uOUjBTlwoxg.mp4
uSuHnQPWfNY.mp4
uTQyPHg8r0M.mp4
u_HDCcby_B0.mp4
uaBTWbu0jps.mp4
ubNDaGOws0E.mp4
ucsAN6pGv6w.mp4
ubVPP8BVcfs.mp4
ucHq8B0-1BA.mp4
udpVICVTQrQ.mp4
uevUOX7Wpz4.mp4
uhnY3lZ9ZCI.mp4
ugDN2gDN99E.mp4
ufBz1xfqQoM.mp4
ujS0VNOXeVg.mp4
uhiQp0GCeKg.mp4
unI7FhokvbM.mp4
ulV37d5wFaw.mp4
un6VqJYUpDo.mp4
unE-vkRljRs.mp4
ujltXvkQK_g.mp4
ulopyhvgyQg.mp4
ukPz_13Agis.mp4
unFlcSwdDFc.mp4
upoS4Jct7kE.mp4
uqiMw7tQ1Cc.mp4
uptOE6bfBgA.mp4
uqaSFllHrco.mp4
uuFJdgTT5kE.mp4
uuhcDXyGrEI.mp4
ur873jaQO3A.mp4
ux3h_qEusvw.mp4
uwLM5n-rYmA.mp4
ux_qqONPSrc.mp4
uyGxlvak-Bg.mp4
uyr3E9ZReAw.mp4
uxMOn-NmmZo.mp4
v-LmMLpvsbk.mp4
v0cihSAXQbI.mp4
uz91AvGxjbw.mp4
uyzQkTArIwU.mp4
uz04njTFKP8.mp4
uzUVSpklbRs.mp4
v-YKnFqX_L0.mkv
v1Vmf5s42No.mp4
v5i_NAlJX1Y.mp4
v621l04N1QQ.mp4
v2zVnmbPmeQ.mp4
v5patZyuYys.mp4
v34qczSoYLo.mp4
v3t4Z5cEgZM.mp4
v7OluHKECRA.mp4
v6go4RA0ZB4.mp4
v9APkG4il4Q.mp4
v6Ui5kgi2OI.mp4
v9bcQsDl-yk.mp4
vCAGiXqYXBk.mp4
vBpYwyXfE0o.mkv
vBOejU7dBzY.mp4
vBKIXqRd-eA.mp4
vCeaFAiokrU.mp4
vD9oh7NZ2PA.mp4
vGZO5lM61D4.mp4
vFVg-ImCW9w.mp4
vKCxWIzJTm0.mp4
vJiOYQE9tts.mp4
vGKdr_au240.mp4
vGcH8N8sJlM.mp4
vKC23-I4pBc.mp4
vKNsvOvC5mA.mp4
vL8s-b4eJiU.mp4
vL8Hy6lcnF8.mp4
vLL-voBPWM4.mp4
vRNcq6nOk0E.mkv
vSV7arHrH5k.mp4
vS0ppdYTwTc.mp4
vTbeVoT1Gsg.mp4
vWde8sMxe1w.mp4
vXcfhKnUjRc.mp4
vYHtmvftHoU.mp4
vVvImml1A8g.mp4
vbnuIUgUVXA.mp4
vbHLA5l_BRc.mp4
vc820BteGzY.mp4
vgXU0u-rN9c.mp4
vgC8jB2FhAg.mp4
vgdcVhRSa9E.mp4
vgUSEkvJRlI.mp4
vdq_xoRyxCU.mp4
vh55SaEpuws.mp4
vdTisVMhW7I.mp4
vg-FrXO1coA.mp4
vjUx3k63oZI.mp4
vlX9sU9bM9s.mp4
vjMuhHo6wMY.mp4
vigHVj40dO4.mp4
vmUbGiOyUbU.mp4
vlqrUu4gi0Q.mp4
vrXqd_Ct298.mp4
vrY1ZMqjMog.mp4
vopKTwCiHrA.mp4
vrwJEvpeHyM.mp4
vqqoDYma9F8.mp4
vth3IYGHu5k.mp4
vw065HaGq3I.mp4
vutxJfF0Rlg.mp4
vuntaZJBcfI.mp4
vvHrSeomFtg.mp4
vvk6f13VO5c.mp4
vwpaEsh0-1U.mp4
vzrZJX-Slzg.mp4
w-KZEq6JhnQ.mp4
vy91mJTl7rQ.mp4
w0d32MVTY9Q.mp4
w1VJnYDYYY0.mp4
w--X02F3MHM.mp4
w1FFMG52FZE.mp4
vynLNpomc30.mp4
w2HnFjJei7k.mp4
w3N0Pyz2-m0.mp4
w87EDMJo5NM.mp4
w7IeqGuuA7Q.mp4
w8kVVzMOC98.mp4
w9CC0wf27zs.mp4
wAAu-2U5Pso.mp4
wBcP3SQ3Qg4.mp4
wD-9KvI1-AI.mp4
wB9LBEHR5-c.mkv
wDw3i5ODGWA.mp4
wEn3nAJHhtw.mp4
wH-uaN8gL_k.mp4
wHxyzVcKq0c.mp4
wGEaIInAtT4.mp4
wHGDq_8dCuc.mp4
wDFpFJ1CP9g.mp4
wLKePf07V14.mp4
wKThOOUV6lY.mp4
wJYsD3_CS6E.mkv
wMwJObSq21Y.mp4
wPCQfs0Rgx0.mp4
wN2XnDS0aGc.mp4
wONwHYy59Tc.mp4
wPYr19iFxhw.mkv
wTBJ4PRnU4k.mp4
wUXpeZHrTWw.mp4
wU-8acM-IUM.mp4
wUvC0TXK1PM.mp4
wVHD_Y5J3qE.mp4
wZgBJlWqWWI.mp4
wZJeEV6sZXE.mp4
wZZ1W6D1nwA.mp4
waFqh-Qkafc.mp4
wcmO0R3Kqzo.mp4
wb8TkqxxEuo.mp4
weKPXw4nxKA.mp4
wd7W8NTi_58.mp4
we6Ddq1ABcQ.mp4
wdD-UHM8rTg.mp4
whJ6ESGNoyY.mp4
wmrrBnxbHjk.mp4
wkSm7bUCgGQ.mp4
woUdHiRWKMg.mp4
wnsy_i-IXpM.mp4
wq4H7L15NMA.mp4
wnnoaLzYqVQ.mp4
wpxozv4Yois.mp4
wqc2KnHfPHk.mp4
wt0XC2EEh7Y.mkv
wts5XRikF1Y.mp4
wu0G4yQIwKo.mp4
wuknZBoyMRE.mp4
wtoKUYBw9f4.mp4
wvFJbY3SmXI.mp4
wwh94C7NB1I.mp4
wyNM_7YDgfo.mp4
wvmuUuLOoEQ.mp4
x-rGfBaFQek.mp4
wy_oDiDK6lk.mp4
wyOf_L4cNHc.mkv
x0PE_98UO3s.mp4
x18x9BKMAlk.mp4
x6Gs4PINiiI.mp4
x4Vk5wSH7xE.mp4
x4QVVFhamJ4.mp4
x44fn0snUvw.webm
x6Z0xTgWoVI.mp4
x2xC5lm0cZw.mp4
x6E92fGgdH4.mkv
x4f4jp_eHHo.mp4
x4c_wI6kQyE.mp4
x768VAsOQSw.mp4
x8AR0FD5Jqo.mp4
xAMZGWqRmqE.mp4
x8cuLOUppmU.mp4
x7-2_HigN8c.mp4
x86YIU9TIPw.mp4
xAoQ6JisbhI.mp4
xBR7YEKPgDA.mp4
xDD9rWISPpk.mp4
xDc407xoYUM.mp4
xCedPpnP6Wg.mp4
xIG7FQWBWZU.mp4
xFIfGrhYpAg.mp4
xJ23geP1Hss.mp4
xIhTY02lRSE.mp4
xKePBw5XZHs.mp4
xIld1Pt1QGs.mp4
xKLnBh0zmL4.mp4
xMEwcb1P6dQ.mp4
xMuC8lmVX3A.mp4
xOmfJGR5fBw.mp4
xQljKBB3498.mp4
xQH8YS2_NxY.mkv
xSIh6JjAR_Y.mp4
xSWpGhhM1H8.mp4
xVPTVGpOkGE.mp4
xV7uPiqNuwQ.mp4
xRuZMDClaQM.mkv
xUUmAdQJgjg.mp4
xYeqvN8cihg.mp4
xXj-oQm-NbE.mp4
xXTfM9xXFQM.mp4
xYu5luMTycc.mp4
xXXQyLS1uuY.mp4
xabaKyhx7cg.mp4
xaCOYdzox0g.mp4
xaicDAewb6o.mp4
x_FAc0KqMVw.mp4
xb8iMASjw1A.mp4
xbQQhK7wQZQ.mp4
xbcP38aF5Ok.mp4
xf9iLflgRro.mp4
xevpFDYTJ0U.mp4
xe6-tTvxQxk.mp4
xcBJP14YBvg.mp4
xc0Wm-TH5K8.mp4
xekPSA9h_jg.mp4
xfhwYTFCGYY.mp4
xf_exEkpJe8.mp4
xftFhOCEqFs.mp4
xiICsWY0xOk.mp4
xhBvsWa0PCs.mp4
xlr_sSnttZo.mp4
xmSN6La-2vQ.mp4
xkIhTMJ_ThA.mp4
xqI9M6QiHws.mp4
xnCw4tvy0uQ.mp4
xmW27Mi-jbg.mp4
xoSA8_kTiBY.mp4
xor90CAOc94.mp4
xpKAvKrrBDs.mp4
xsBFnpdLWkU.mp4
xunKd050v7U.mp4
xrl3oxTa6sQ.mp4
xuoWaq6XPZo.mp4
xsdrqauYhJs.mp4
xqzsv8VpaNM.mp4
xuq9oRm8QZo.mp4
xs5imfBbWmw.mp4
xv8OYJ7t7-E.mp4
xzQRc682Isc.mp4
xyMCaug7LXM.mp4
xwSHzGCP6iA.mp4
xzmcOKHP-sM.mp4
xynscQyItDQ.mp4
y-X0DjEHD_k.mp4
xzuQIbnXt2U.mp4
y1IjkACdnfs.mp4
y-rgla4aNUo.mp4
y0Kio7VOk5o.webm
y2jDV7tFUXg.mp4
y3xcwZpcLvI.mp4
y56qXoJh6U0.mp4
y7i-jRmrwnI.mp4
y6sx0u3MYFo.mp4
y9bLCC26MGQ.mp4
yAkVtmP7654.mp4
yA3AD9jU7QU.mp4
y9kk0ptXevk.mp4
y8ENWnuzCIE.mp4
y8RpTBtGG1g.mp4
yACg55C3IlM.mp4
yBL1hCKmX7s.mkv
yCcqJnlviQI.mp4
yDH9iAn82Q8.mp4
yE5whKJ-DE4.mp4
yH0xeA_OvWg.mp4
yFJVEplkVHA.mp4
yH018Jl5GMQ.mp4
yFPxSn69pcc.mp4
yG4C_s7ItA4.mp4
yGwevg8vwuU.mp4
yISeNkFiVAg.mp4
yHaTlDD-qHA.mkv
yINX46xPRf0.mp4
yJSQmNSFlNI.mkv
yKLX0iXyLsQ.mp4
yQ2AirKmnTM.mp4
yPA6klGWEsc.mp4
yRgei7gpr-I.mp4
yUYTlwiP16E.webm
yUbdrBSmUHE.mp4
yVp99wxlW90.mp4
yToUeIIlkOg.mp4
yVE4t-X5b-M.mp4
yVKmkR78Jn0.mp4
yUCSKSMVrPo.mp4
yWCEDAQvhzA.mp4
yZErFOSkogc.mp4
y_bXP4NtAw0.mp4
yWEFVfX-JoI.mp4
y_Ak7a3oXRY.mp4
yX_DJiboktI.mp4
ycA2gqWhPGk.mp4
ybAEMliC7p4.mp4
ybkcKusf-Kg.mp4
yc9Bc8G7Y_Q.mp4
yeLB4QXA3NQ.mp4
ye7e0mitDdU.mp4
yeWCfvmeUvM.mp4
yeEe8-aYA2E.mp4
yfjnahzAPSc.mp4
yl37hI-Bgkk.mp4
ykdRdg1XvFM.mp4
yj2WJBqmEHk.mp4
yl3bjdUZrmM.mp4
ykov_joUUTk.mp4
yjazHd6a5SQ.mp4
ylo_0z8si1g.mp4
ynUBEoobKW0.mp4
ymJTN8aKZEw.mp4
ymmBQHiNK24.mp4
ynvCxrj1UNg.mp4
ym_OhvcJ--w.mp4
yt0K2HWC0WI.mp4
yu1XjQUctiM.mp4
ywSeEtroEXo.mp4
yxDsp8EBZtY.mp4
yvOOFjG-FEo.mp4
yw1IZdbEzck.mp4
ywWHBghVyJ4.mp4
yweAN9o4QYI.mp4
ywFa_D5QZ-k.mp4
ywJQotAB3dw.mp4
ywsH9kD033I.webm
yxcikJ3Hp8w.mp4
z-_snl6eaPE.mp4
z08g5S7J-CY.mp4
z1QgzOfUjow.mp4
yyCsQ7QzAJ8.mp4
z-iuSgXKUcw.mp4
z-ttrQ38mOc.mp4
yzN9jN3qncA.mp4
z0tiCqKa4cs.webm
z2qG-TOSwqw.mp4
z3xkE5Ox-2A.mp4
z1tV0-C3IBw.mp4
z3-tII3XcUs.mp4
z5xZrF421HE.mp4
z48kSSKMoXo.mp4
z8VqGGu5vPc.mp4
z7zj8stU-kw.mp4
z6U8CyJRNXw.mp4
zAr9k1-umvY.mp4
z9l32VOM6wY.mp4
z85nM9V4058.mp4
zBm3FR-CCI0.mp4
zE0vlPLBVJo.mp4
zGTqXydTuQs.mp4
zI6PsewSm7w.mp4
zLjAfrfqRcc.mp4
zKHMKAOb1iw.mp4
zL7Rz4I8UyA.mp4
zN9COeDCm9Q.mp4
zMWhT5Rv6WE.mp4
zLZTqSaGxJo.mp4
zLeCGU8SVVc.mp4
zOGg5-Mll4o.mp4
zPV8s8ZuLBY.mp4
zPDbMflNURc.mp4
zPu3JBSPa94.mp4
zRBspE-uJUo.mp4
zSeLjjo3KF0.mp4
zRNS_ebpi7o.mp4
zSOK9jmWE1E.mp4
zQVUXbyCV1o.mp4
zWiu-wdKeWs.mp4
zYQ-WdosIwI.mp4
z_ExqQ80T5g.mp4
zdMvd5Cr5jM.mp4
zb6WUBWwXfk.mp4
zh0haUMeZV0.mp4
zhPqZtWuhow.mp4
zgnBeiEB5pE.mp4
zhH7wxXrGSY.mp4
zemqddZ_YO4.mp4
zg6BRB4a3Fo.mp4
zfU85oBVpfA.mp4
zmmiX3_TJ84.mp4
zmaDLAZu4kA.mp4
zrnxRV3yLR8.mp4
zpBZ7HMNO34.mp4
zto8JvkVLVw.mp4
zsw9WEsSowI.mp4
zqcJ0N_a6y8.mp4
zufK6CufVhA.mp4
zwa44U585FE.mp4
zy7rd78yBnY.mp4
zwFxq1MnaO0.mp4
zz3Mw8FMA70.mp4
zzci2xZ011A.mp4
zzE2VrQMvbc.mp4
zyylgHTPUS8.mp4
